Component: Arm Compiler for Embedded 6.18 Tool: armlink [5e4cc100]

==============================================================================

Section Cross References

    startup_stm32f407xx.o(STACK) refers (Special) to heapauxi.o(.text) for __use_two_region_memory
    startup_stm32f407xx.o(HEAP) refers (Special) to heapauxi.o(.text) for __use_two_region_memory
    startup_stm32f407xx.o(RESET) refers (Special) to heapauxi.o(.text) for __use_two_region_memory
    startup_stm32f407xx.o(RESET) refers to startup_stm32f407xx.o(STACK) for __initial_sp
    startup_stm32f407xx.o(RESET) refers to startup_stm32f407xx.o(.text) for Reset_Handler
    startup_stm32f407xx.o(RESET) refers to stm32f4xx_it.o(.text.NMI_Handler) for NMI_Handler
    startup_stm32f407xx.o(RESET) refers to stm32f4xx_it.o(.text.HardFault_Handler) for HardFault_Handler
    startup_stm32f407xx.o(RESET) refers to stm32f4xx_it.o(.text.MemManage_Handler) for MemManage_Handler
    startup_stm32f407xx.o(RESET) refers to stm32f4xx_it.o(.text.BusFault_Handler) for BusFault_Handler
    startup_stm32f407xx.o(RESET) refers to stm32f4xx_it.o(.text.UsageFault_Handler) for UsageFault_Handler
    startup_stm32f407xx.o(RESET) refers to stm32f4xx_it.o(.text.SVC_Handler) for SVC_Handler
    startup_stm32f407xx.o(RESET) refers to stm32f4xx_it.o(.text.DebugMon_Handler) for DebugMon_Handler
    startup_stm32f407xx.o(RESET) refers to stm32f4xx_it.o(.text.PendSV_Handler) for PendSV_Handler
    startup_stm32f407xx.o(RESET) refers to stm32f4xx_it.o(.text.SysTick_Handler) for SysTick_Handler
    startup_stm32f407xx.o(RESET) refers to usart.o(.text.USART1_IRQHandler) for USART1_IRQHandler
    startup_stm32f407xx.o(RESET) refers to rs485.o(.text.USART2_IRQHandler) for USART2_IRQHandler
    startup_stm32f407xx.o(RESET) refers to adc.o(.text.DMA2_Stream4_IRQHandler) for DMA2_Stream4_IRQHandler
    startup_stm32f407xx.o(.text) refers (Special) to heapauxi.o(.text) for __use_two_region_memory
    startup_stm32f407xx.o(.text) refers to system_stm32f4xx.o(.text.SystemInit) for SystemInit
    startup_stm32f407xx.o(.text) refers to __main.o(!!!main) for __main
    startup_stm32f407xx.o(.text) refers to startup_stm32f407xx.o(HEAP) for Heap_Mem
    startup_stm32f407xx.o(.text) refers to startup_stm32f407xx.o(STACK) for Stack_Mem
    main.o(.text.main) refers to stm32f4xx_hal.o(.text.HAL_Init) for HAL_Init
    main.o(.text.main) refers to sys.o(.text.sys_stm32_clock_init) for sys_stm32_clock_init
    main.o(.text.main) refers to delay.o(.text.delay_init) for delay_init
    main.o(.text.main) refers to usart.o(.text.usart_init) for usart_init
    main.o(.text.main) refers to rs485.o(.text.rs485_init) for rs485_init
    main.o(.text.main) refers to main.o(.bss.g_adc_dma_buf) for g_adc_dma_buf
    main.o(.text.main) refers to adc.o(.text.adc_dma_init) for adc_dma_init
    main.o(.text.main) refers to adc.o(.text.adc_dma_enable) for adc_dma_enable
    main.o(.text.main) refers to dac.o(.text.dac_init) for dac_init
    main.o(.text.main) refers to pid.o(.text.PID_Init) for PID_Init
    main.o(.text.main) refers to adc.o(.bss.g_adc_dma_sta) for g_adc_dma_sta
    main.o(.text.main) refers to f2d.o(x$fpl$f2d) for __aeabi_f2d
    main.o(.text.main) refers to dmul.o(x$fpl$dmul) for __aeabi_dmul
    main.o(.text.main) refers to d2f.o(x$fpl$d2f) for __aeabi_d2f
    main.o(.text.main) refers to pid.o(.text.PID_Compute) for PID_Compute
    main.o(.text.main) refers to dac.o(.bss.g_dac1_handle) for g_dac1_handle
    main.o(.text.main) refers to stm32f4xx_hal_dac.o(.text.HAL_DAC_SetValue) for HAL_DAC_SetValue
    main.o(.text.main) refers to dflt_clz.o(x$fpl$dflt) for __aeabi_i2d
    main.o(.text.main) refers to main.o(.bss.bytes) for bytes
    main.o(.text.main) refers to ieee754.o(.text.float_to_ieee754) for float_to_ieee754
    main.o(.text.main) refers to modbus.o(.text.Modbus_Process) for Modbus_Process
    main.o(.text.main) refers to rs485.o(.text.rs485_send_data) for rs485_send_data
    main.o(.text.main) refers to delay.o(.text.HAL_Delay) for HAL_Delay
    main.o(.text.main) refers to main.o(.rodata.str1.1) for .L.str
    main.o(.text.main) refers to printf.o(.text) for printf
    main.o(.text.main) refers to usart.o(.bss.g_uart1_handle) for g_uart1_handle
    main.o(.text.main) refers to usart.o(.bss.g_usart_rx_sta) for g_usart_rx_sta
    main.o(.ARM.exidx.text.main) refers to main.o(.text.main) for [Anonymous Symbol]
    stm32f4xx_it.o(.ARM.exidx.text.NMI_Handler) refers to stm32f4xx_it.o(.text.NMI_Handler) for [Anonymous Symbol]
    stm32f4xx_it.o(.ARM.exidx.text.HardFault_Handler) refers to stm32f4xx_it.o(.text.HardFault_Handler) for [Anonymous Symbol]
    stm32f4xx_it.o(.ARM.exidx.text.MemManage_Handler) refers to stm32f4xx_it.o(.text.MemManage_Handler) for [Anonymous Symbol]
    stm32f4xx_it.o(.ARM.exidx.text.BusFault_Handler) refers to stm32f4xx_it.o(.text.BusFault_Handler) for [Anonymous Symbol]
[...]
    [Anonymous Symbol]                       0x080049b4   Section        0  delay.o(.text.delay_ms)
    [Anonymous Symbol]                       0x080049d0   Section        0  delay.o(.text.delay_us)
    [Anonymous Symbol]                       0x08004a5c   Section        0  ieee754.o(.text.float_to_ieee754)
    [Anonymous Symbol]                       0x08004a70   Section        0  usart.o(.text.fputc)
    [Anonymous Symbol]                       0x08004aa0   Section        0  main.o(.text.main)
    [Anonymous Symbol]                       0x08004cd4   Section        0  rs485.o(.text.rs485_init)
    [Anonymous Symbol]                       0x08004e30   Section        0  rs485.o(.text.rs485_send_data)
    [Anonymous Symbol]                       0x08004e8c   Section        0  sys.o(.text.sys_stm32_clock_init)
    [Anonymous Symbol]                       0x08004f9c   Section        0  usart.o(.text.usart_init)
    CL$$btod_d2e                             0x08004fe0   Section       62  btod.o(CL$$btod_d2e)
    CL$$btod_d2e_denorm_low                  0x0800501e   Section       70  btod.o(CL$$btod_d2e_denorm_low)
    CL$$btod_d2e_norm_op1                    0x08005064   Section       96  btod.o(CL$$btod_d2e_norm_op1)
    CL$$btod_div_common                      0x080050c4   Section      824  btod.o(CL$$btod_div_common)
    CL$$btod_e2e                             0x080053fc   Section      220  btod.o(CL$$btod_e2e)
    CL$$btod_ediv                            0x080054d8   Section       42  btod.o(CL$$btod_ediv)
    CL$$btod_emul                            0x08005502   Section       42  btod.o(CL$$btod_emul)
    CL$$btod_mult_common                     0x0800552c   Section      580  btod.o(CL$$btod_mult_common)
    i.__ARM_fpclassify                       0x08005770   Section        0  fpclassify.o(i.__ARM_fpclassify)
    i._is_digit                              0x080057a0   Section        0  __printf_wp.o(i._is_digit)
    locale$$code                             0x080057b0   Section       44  lc_numeric_c.o(locale$$code)
    locale$$code                             0x080057dc   Section       44  lc_ctype_c.o(locale$$code)
    $v0                                      0x08005808   Number         0  d2f.o(x$fpl$d2f)
    x$fpl$d2f                                0x08005808   Section       98  d2f.o(x$fpl$d2f)
    $v0                                      0x0800586a   Number         0  dflt_clz.o(x$fpl$dflt)
    x$fpl$dflt                               0x0800586a   Section       46  dflt_clz.o(x$fpl$dflt)
    $v0                                      0x08005898   Number         0  dmul.o(x$fpl$dmul)
    x$fpl$dmul                               0x08005898   Section      340  dmul.o(x$fpl$dmul)
    $v0                                      0x080059ec   Number         0  dnaninf.o(x$fpl$dnaninf)
    x$fpl$dnaninf                            0x080059ec   Section      156  dnaninf.o(x$fpl$dnaninf)
    $v0                                      0x08005a88   Number         0  dretinf.o(x$fpl$dretinf)
    x$fpl$dretinf                            0x08005a88   Section       12  dretinf.o(x$fpl$dretinf)
    $v0                                      0x08005a94   Number         0  f2d.o(x$fpl$f2d)
    x$fpl$f2d                                0x08005a94   Section       86  f2d.o(x$fpl$f2d)
    $v0                                      0x08005aea   Number         0  fnaninf.o(x$fpl$fnaninf)
    x$fpl$fnaninf                            0x08005aea   Section      140  fnaninf.o(x$fpl$fnaninf)
    $v0                                      0x08005b76   Number         0  fpinit.o(x$fpl$fpinit)
    x$fpl$fpinit                             0x08005b76   Section       26  fpinit.o(x$fpl$fpinit)
    $v0                                      0x08005b90   Number         0  fretinf.o(x$fpl$fretinf)
    x$fpl$fretinf                            0x08005b90   Section       10  fretinf.o(x$fpl$fretinf)
    $v0                                      0x08005b9a   Number         0  printf1.o(x$fpl$printf1)
    x$fpl$printf1                            0x08005b9a   Section        4  printf1.o(x$fpl$printf1)
    $v0                                      0x08005b9e   Number         0  printf2.o(x$fpl$printf2)
    x$fpl$printf2                            0x08005b9e   Section        4  printf2.o(x$fpl$printf2)
    x$fpl$usenofp                            0x08005ba2   Section        0  usenofp.o(x$fpl$usenofp)
    initial_mbstate                          0x08005ba4   Data           8  _printf_wctomb.o(.constdata)
    .constdata                               0x08005ba4   Section        8  _printf_wctomb.o(.constdata)
    uc_hextab                                0x08005bac   Data          20  _printf_hex_int_ll_ptr.o(.constdata)
    .constdata                               0x08005bac   Section       40  _printf_hex_int_ll_ptr.o(.constdata)
    lc_hextab                                0x08005bc0   Data          20  _printf_hex_int_ll_ptr.o(.constdata)
    maptable                                 0x08005bd4   Data          17  __printf_flags_ss_wp.o(.constdata)
    .constdata                               0x08005bd4   Section       17  __printf_flags_ss_wp.o(.constdata)
    lc_hextab                                0x08005be5   Data          19  _printf_fp_hex.o(.constdata)
    .constdata                               0x08005be5   Section       38  _printf_fp_hex.o(.constdata)
    uc_hextab                                0x08005bf8   Data          19  _printf_fp_hex.o(.constdata)
    tenpwrs_x                                0x08005c0c   Data          60  bigflt0.o(.constdata)
    .constdata                               0x08005c0c   Section      148  bigflt0.o(.constdata)
    tenpwrs_i                                0x08005c48   Data          64  bigflt0.o(.constdata)
    DMA_CalcBaseAndBitshift.flagBitshiftOffset 0x08005cb8   Data           8  stm32f4xx_hal_dma.o(.rodata.DMA_CalcBaseAndBitshift.flagBitshiftOffset)
    [Anonymous Symbol]                       0x08005cb8   Section        0  stm32f4xx_hal_dma.o(.rodata.DMA_CalcBaseAndBitshift.flagBitshiftOffset)
    .L.str                                   0x08005cc0   Data           7  main.o(.rodata.str1.1)
    [Anonymous Symbol]                       0x08005cc0   Section        0  main.o(.rodata.str1.1)
    locale$$data                             0x08005ce8   Section       28  lc_numeric_c.o(locale$$data)
    __lcnum_c_name                           0x08005cec   Data           2  lc_numeric_c.o(locale$$data)
    __lcnum_c_start                          0x08005cf4   Data           0  lc_numeric_c.o(locale$$data)
    __lcnum_c_point                          0x08005d00   Data           0  lc_numeric_c.o(locale$$data)
    __lcnum_c_thousands                      0x08005d02   Data           0  lc_numeric_c.o(locale$$data)
    __lcnum_c_grouping                       0x08005d03   Data           0  lc_numeric_c.o(locale$$data)
    __lcnum_c_end                            0x08005d04   Data           0  lc_numeric_c.o(locale$$data)
    locale$$data                             0x08005d04   Section      272  lc_ctype_c.o(locale$$data)
    __lcctype_c_name                         0x08005d08   Data           2  lc_ctype_c.o(locale$$data)
    __lcctype_c_start                        0x08005d10   Data           0  lc_ctype_c.o(locale$$data)
    __lcctype_c_end                          0x08005e14   Data           0  lc_ctype_c.o(locale$$data)
    .bss                                     0x20000010   Section       96  libspace.o(.bss)
    g_fac_us                                 0x2000022c   Data           4  delay.o(.bss.g_fac_us)
    [Anonymous Symbol]                       0x2000022c   Section        0  delay.o(.bss.g_fac_us)
    Heap_Mem                                 0x20000390   Data           0  startup_stm32f407xx.o(HEAP)
    Stack_Mem                                0x20000390   Data        1024  startup_stm32f407xx.o(STACK)
    HEAP                                     0x20000390   Section        0  startup_stm32f407xx.o(HEAP)
    STACK                                    0x20000390   Section     1024  startup_stm32f407xx.o(STACK)
    __initial_sp                             0x20000790   Data           0  startup_stm32f407xx.o(STACK)

    Global Symbols

    Symbol Name                              Value     Ov Type        Size  Object(Section)

    BuildAttributes$$THM_ISAv4$E$P$D$K$B$S$7EM$VFPi3$EXTD16$VFPS$VFMA$PE$A:L22UL41UL21$X:L11$S22US41US21$IEEE1$IW$~IW$USESV6$~STKCKD$USESV7$~SHL$OTIME$ROPI$IEEEJ$EBA8$UX$STANDARDLIB$REQ8$PRES8$EABIv2 0x00000000   Number         0  anon$$obj.o ABSOLUTE
    _printf_flags                            0x00000000   Number         0  printf_stubs.o ABSOLUTE
    _printf_return_value                     0x00000000   Number         0  printf_stubs.o ABSOLUTE
    _printf_sizespec                         0x00000000   Number         0  printf_stubs.o ABSOLUTE
    _printf_widthprec                        0x00000000   Number         0  printf_stubs.o ABSOLUTE
    __ARM_exceptions_init                     - Undefined Weak Reference
    __alloca_initialize                       - Undefined Weak Reference
    __arm_preinit_                            - Undefined Weak Reference
    __arm_relocate_pie_                       - Undefined Weak Reference
    __cpp_initialize__aeabi_                  - Undefined Weak Reference
    __cxa_finalize                            - Undefined Weak Reference
    __sigvec_lookup                           - Undefined Weak Reference
    _atexit_init                              - Undefined Weak Reference
    _call_atexit_fns                          - Undefined Weak Reference
    _clock_init                               - Undefined Weak Reference
    _fp_trap_init                             - Undefined Weak Reference
    _fp_trap_shutdown                         - Undefined Weak Reference
    _get_lc_collate                           - Undefined Weak Reference
    _get_lc_monetary                          - Undefined Weak Reference
    _get_lc_time                              - Undefined Weak Reference
    _getenv_init                              - Undefined Weak Reference
    _handle_redirection                       - Undefined Weak Reference
    _init_alloc                               - Undefined Weak Reference
    _init_user_alloc                          - Undefined Weak Reference
    _initio                                   - Undefined Weak Reference
    _mutex_acquire                            - Undefined Weak Reference
    _mutex_release                            - Undefined Weak Reference
    _printf_mbtowc                            - Undefined Weak Reference
    _printf_wc                                - Undefined Weak Reference
    _rand_init                                - Undefined Weak Reference
    _signal_finish                            - Undefined Weak Reference
    _signal_init                              - Undefined Weak Reference
    _terminate_alloc                          - Undefined Weak Reference
    _terminate_user_alloc                     - Undefined Weak Reference
    _terminateio                              - Undefined Weak Reference
    __Vectors_Size                           0x00000188   Number         0  startup_stm32f407xx.o ABSOLUTE
    __Vectors                                0x08000000   Data           4  startup_stm32f407xx.o(RESET)
    __Vectors_End                            0x08000188   Data           0  startup_stm32f407xx.o(RESET)
    __main                                   0x08000189   Thumb Code     8  __main.o(!!!main)
    __scatterload                            0x08000191   Thumb Code     0  __scatter.o(!!!scatter)
    __scatterload_rt2                        0x08000191   Thumb Code    44  __scatter.o(!!!scatter)
    __scatterload_rt2_thumb_only             0x08000191   Thumb Code     0  __scatter.o(!!!scatter)
    __scatterload_null                       0x0800019f   Thumb Code     0  __scatter.o(!!!scatter)
    __scatterload_copy                       0x080001c5   Thumb Code    26  __scatter_copy.o(!!handler_copy)
    __scatterload_zeroinit                   0x080001e1   Thumb Code    28  __scatter_zi.o(!!handler_zi)
    _printf_n                                0x080001fd   Thumb Code     0  _printf_n.o(.ARM.Collect$$_printf_percent$$00000001)
    _printf_percent                          0x080001fd   Thumb Code     0  _printf_percent.o(.ARM.Collect$$_printf_percent$$00000000)
    _printf_p                                0x08000203   Thumb Code     0  _printf_p.o(.ARM.Collect$$_printf_percent$$00000002)
    _printf_f                                0x08000209   Thumb Code     0  _printf_f.o(.ARM.Collect$$_printf_percent$$00000003)
    _printf_e                                0x0800020f   Thumb Code     0  _printf_e.o(.ARM.Collect$$_printf_percent$$00000004)
    _printf_g                                0x08000215   Thumb Code     0  _printf_g.o(.ARM.Collect$$_printf_percent$$00000005)
    _printf_a                                0x0800021b   Thumb Code     0  _printf_a.o(.ARM.Collect$$_printf_percent$$00000006)
    _printf_ll                               0x08000221   Thumb Code     0  _printf_ll.o(.ARM.Collect$$_printf_percent$$00000007)
    _printf_i                                0x0800022b   Thumb Code     0  _printf_i.o(.ARM.Collect$$_printf_percent$$00000008)
    _printf_d                                0x08000231   Thumb Code     0  _printf_d.o(.ARM.Collect$$_printf_percent$$00000009)
    _printf_u                                0x08000237   Thumb Code     0  _printf_u.o(.ARM.Collect$$_printf_percent$$0000000A)
    _printf_o                                0x0800023d   Thumb Code     0  _printf_o.o(.ARM.Collect$$_printf_percent$$0000000B)
    _printf_x                                0x08000243   Thumb Code     0  _printf_x.o(.ARM.Collect$$_printf_percent$$0000000C)
    _printf_lli                              0x08000249   Thumb Code     0  _printf_lli.o(.ARM.Collect$$_printf_percent$$0000000D)
    _printf_lld                              0x0800024f   Thumb Code     0  _printf_lld.o(.ARM.Collect$$_printf_percent$$0000000E)
    _printf_llu                              0x08000255   Thumb Code     0  _printf_llu.o(.ARM.Collect$$_printf_percent$$0000000F)
    _printf_llo                              0x0800025b   Thumb Code     0  _printf_llo.o(.ARM.Collect$$_printf_percent$$00000010)
    _printf_llx                              0x08000261   Thumb Code     0  _printf_llx.o(.ARM.Collect$$_printf_percent$$00000011)
    _printf_l                                0x08000267   Thumb Code     0  _printf_l.o(.ARM.Collect$$_printf_percent$$00000012)
    _printf_c                                0x08000271   Thumb Code     0  _printf_c.o(.ARM.Collect$$_printf_percent$$00000013)
    _printf_s                                0x08000277   Thumb Code     0  _printf_s.o(.ARM.Collect$$_printf_percent$$00000014)
    _printf_lc                               0x0800027d   Thumb Code     0  _printf_lc.o(.ARM.Collect$$_printf_percent$$00000015)
    _printf_ls                               0x08000283   Thumb Code     0  _printf_ls.o(.ARM.Collect$$_printf_percent$$00000016)
    _printf_percent_end                      0x08000289   Thumb Code     0  _printf_percent_end.o(.ARM.Collect$$_printf_percent$$00000017)
    __rt_lib_init                            0x0800028d   Thumb Code     0  libinit.o(.ARM.Collect$$libinit$$00000000)
    __rt_lib_init_fp_1                       0x0800028f   Thumb Code     0  libinit2.o(.ARM.Collect$$libinit$$00000001)
    __rt_lib_init_heap_1                     0x08000293   Thumb Code     0  libinit2.o(.ARM.Collect$$libinit$$0000000C)
    __rt_lib_init_lc_common                  0x08000293   Thumb Code     0  libinit2.o(.ARM.Collect$$libinit$$00000011)
    __rt_lib_init_preinit_1                  0x08000293   Thumb Code     0  libinit2.o(.ARM.Collect$$libinit$$00000006)
    __rt_lib_init_rand_1                     0x08000293   Thumb Code     0  libinit2.o(.ARM.Collect$$libinit$$00000010)
    __rt_lib_init_relocate_pie_1             0x08000293   Thumb Code     0  libinit2.o(.ARM.Collect$$libinit$$00000004)
    __rt_lib_init_user_alloc_1               0x08000293   Thumb Code     0  libinit2.o(.ARM.Collect$$libinit$$0000000E)
    __rt_lib_init_lc_collate_1               0x08000299   Thumb Code     0  libinit2.o(.ARM.Collect$$libinit$$00000013)
    __rt_lib_init_lc_ctype_2                 0x08000299   Thumb Code     0  libinit2.o(.ARM.Collect$$libinit$$00000014)
    __rt_lib_init_lc_ctype_1                 0x080002a5   Thumb Code     0  libinit2.o(.ARM.Collect$$libinit$$00000015)
    __rt_lib_init_lc_monetary_1              0x080002a5   Thumb Code     0  libinit2.o(.ARM.Collect$$libinit$$00000017)
    __rt_lib_init_lc_numeric_2               0x080002a5   Thumb Code     0  libinit2.o(.ARM.Collect$$libinit$$00000018)
    __rt_lib_init_alloca_1                   0x080002af   Thumb Code     0  libinit2.o(.ARM.Collect$$libinit$$00000030)
    __rt_lib_init_argv_1                     0x080002af   Thumb Code     0  libinit2.o(.ARM.Collect$$libinit$$0000002E)
    __rt_lib_init_atexit_1                   0x080002af   Thumb Code     0  libinit2.o(.ARM.Collect$$libinit$$0000001D)
    __rt_lib_init_clock_1                    0x080002af   Thumb Code     0  libinit2.o(.ARM.Collect$$libinit$$00000023)
    __rt_lib_init_cpp_1                      0x080002af   Thumb Code     0  libinit2.o(.ARM.Collect$$libinit$$00000034)
    __rt_lib_init_exceptions_1               0x080002af   Thumb Code     0  libinit2.o(.ARM.Collect$$libinit$$00000032)
    __rt_lib_init_fp_trap_1                  0x080002af   Thumb Code     0  libinit2.o(.ARM.Collect$$libinit$$00000021)
    __rt_lib_init_getenv_1                   0x080002af   Thumb Code     0  libinit2.o(.ARM.Collect$$libinit$$00000025)
    __rt_lib_init_lc_numeric_1               0x080002af   Thumb Code     0  libinit2.o(.ARM.Collect$$libinit$$00000019)
    __rt_lib_init_lc_time_1                  0x080002af   Thumb Code     0  libinit2.o(.ARM.Collect$$libinit$$0000001B)
    __rt_lib_init_return                     0x080002af   Thumb Code     0  libinit2.o(.ARM.Collect$$libinit$$00000035)
    __rt_lib_init_signal_1                   0x080002af   Thumb Code     0  libinit2.o(.ARM.Collect$$libinit$$0000001F)
    __rt_lib_init_stdio_1                    0x080002af   Thumb Code     0  libinit2.o(.ARM.Collect$$libinit$$00000027)
    __rt_lib_shutdown                        0x080002b1   Thumb Code     0  libshutdown.o(.ARM.Collect$$libshutdown$$00000000)
    __rt_lib_shutdown_cpp_1                  0x080002b3   Thumb Code     0  libshutdown2.o(.ARM.Collect$$libshutdown$$00000002)
    __rt_lib_shutdown_fp_trap_1              0x080002b3   Thumb Code     0  libshutdown2.o(.ARM.Collect$$libshutdown$$00000007)
    __rt_lib_shutdown_heap_1                 0x080002b3   Thumb Code     0  libshutdown2.o(.ARM.Collect$$libshutdown$$0000000F)
    __rt_lib_shutdown_return                 0x080002b3   Thumb Code     0  libshutdown2.o(.ARM.Collect$$libshutdown$$00000010)
    __rt_lib_shutdown_signal_1               0x080002b3   Thumb Code     0  libshutdown2.o(.ARM.Collect$$libshutdown$$0000000A)
    __rt_lib_shutdown_stdio_1                0x080002b3   Thumb Code     0  libshutdown2.o(.ARM.Collect$$libshutdown$$00000004)
    __rt_lib_shutdown_user_alloc_1           0x080002b3   Thumb Code     0  libshutdown2.o(.ARM.Collect$$libshutdown$$0000000C)
    __rt_entry                               0x080002b5   Thumb Code     0  __rtentry.o(.ARM.Collect$$rtentry$$00000000)
    __rt_entry_presh_1                       0x080002b5   Thumb Code     0  __rtentry2.o(.ARM.Collect$$rtentry$$00000002)
    __rt_entry_sh                            0x080002b5   Thumb Code     0  __rtentry4.o(.ARM.Collect$$rtentry$$00000004)
    __rt_entry_li                            0x080002bb   Thumb Code     0  __rtentry2.o(.ARM.Collect$$rtentry$$0000000A)
    __rt_entry_postsh_1                      0x080002bb   Thumb Code     0  __rtentry2.o(.ARM.Collect$$rtentry$$00000009)
    __rt_entry_main                          0x080002bf   Thumb Code     0  __rtentry2.o(.ARM.Collect$$rtentry$$0000000D)
    __rt_entry_postli_1                      0x080002bf   Thumb Code     0  __rtentry2.o(.ARM.Collect$$rtentry$$0000000C)
    __rt_exit                                0x080002c7   Thumb Code     0  rtexit.o(.ARM.Collect$$rtexit$$00000000)
    __rt_exit_ls                             0x080002c9   Thumb Code     0  rtexit2.o(.ARM.Collect$$rtexit$$00000003)
    __rt_exit_prels_1                        0x080002c9   Thumb Code     0  rtexit2.o(.ARM.Collect$$rtexit$$00000002)
    __rt_exit_exit                           0x080002cd   Thumb Code     0  rtexit2.o(.ARM.Collect$$rtexit$$00000004)
    Reset_Handler                            0x080002d5   Thumb Code    18  startup_stm32f407xx.o(.text)
    ADC_IRQHandler                           0x080002f9   Thumb Code     0  startup_stm32f407xx.o(.text)
    CAN1_RX0_IRQHandler                      0x080002f9   Thumb Code     0  startup_stm32f407xx.o(.text)
    CAN1_RX1_IRQHandler                      0x080002f9   Thumb Code     0  startup_stm32f407xx.o(.text)
    CAN1_SCE_IRQHandler                      0x080002f9   Thumb Code     0  startup_stm32f407xx.o(.text)
    CAN1_TX_IRQHandler                       0x080002f9   Thumb Code     0  startup_stm32f407xx.o(.text)
    CAN2_RX0_IRQHandler                      0x080002f9   Thumb Code     0  startup_stm32f407xx.o(.text)
    CAN2_RX1_IRQHandler                      0x080002f9   Thumb Code     0  startup_stm32f407xx.o(.text)
    CAN2_SCE_IRQHandler                      0x080002f9   Thumb Code     0  startup_stm32f407xx.o(.text)
    CAN2_TX_IRQHandler                       0x080002f9   Thumb Code     0  startup_stm32f407xx.o(.text)
    DCMI_IRQHandler                          0x080002f9   Thumb Code     0  startup_stm32f407xx.o(.text)
    DMA1_Stream0_IRQHandler                  0x080002f9   Thumb Code     0  startup_stm32f407xx.o(.text)
    DMA1_Stream1_IRQHandler                  0x080002f9   Thumb Code     0  startup_stm32f407xx.o(.text)
    DMA1_Stream2_IRQHandler                  0x080002f9   Thumb Code     0  startup_stm32f407xx.o(.text)
    DMA1_Stream3_IRQHandler                  0x080002f9   Thumb Code     0  startup_stm32f407xx.o(.text)
    DMA1_Stream4_IRQHandler                  0x080002f9   Thumb Code     0  startup_stm32f407xx.o(.text)
    DMA1_Stream5_IRQHandler                  0x080002f9   Thumb Code     0  startup_stm32f407xx.o(.text)
    DMA1_Stream6_IRQHandler                  0x080002f9   Thumb Code     0  startup_stm32f407xx.o(.text)
    DMA1_Stream7_IRQHandler                  0x080002f9   Thumb Code     0  startup_stm32f407xx.o(.text)
    DMA2_Stream0_IRQHandler                  0x080002f9   Thumb Code     0  startup_stm32f407xx.o(.text)
    DMA2_Stream1_IRQHandler                  0x080002f9   Thumb Code     0  startup_stm32f407xx.o(.text)
    DMA2_Stream2_IRQHandler                  0x080002f9   Thumb Code     0  startup_stm32f407xx.o(.text)
    DMA2_Stream3_IRQHandler                  0x080002f9   Thumb Code     0  startup_stm32f407xx.o(.text)
    DMA2_Stream5_IRQHandler                  0x080002f9   Thumb Code     0  startup_stm32f407xx.o(.text)
    DMA2_Stream6_IRQHandler                  0x080002f9   Thumb Code     0  startup_stm32f407xx.o(.text)
    DMA2_Stream7_IRQHandler                  0x080002f9   Thumb Code     0  startup_stm32f407xx.o(.text)
    ETH_IRQHandler                           0x080002f9   Thumb Code     0  startup_stm32f407xx.o(.text)
    ETH_WKUP_IRQHandler                      0x080002f9   Thumb Code     0  startup_stm32f407xx.o(.text)
    EXTI0_IRQHandler                         0x080002f9   Thumb Code     0  startup_stm32f407xx.o(.text)
    EXTI15_10_IRQHandler                     0x080002f9   Thumb Code     0  startup_stm32f407xx.o(.text)
    EXTI1_IRQHandler                         0x080002f9   Thumb Code     0  startup_stm32f407xx.o(.text)
    EXTI2_IRQHandler                         0x080002f9   Thumb Code     0  startup_stm32f407xx.o(.text)
    EXTI3_IRQHandler                         0x080002f9   Thumb Code     0  startup_stm32f407xx.o(.text)
    EXTI4_IRQHandler                         0x080002f9   Thumb Code     0  startup_stm32f407xx.o(.text)
    EXTI9_5_IRQHandler                       0x080002f9   Thumb Code     0  startup_stm32f407xx.o(.text)
    FLASH_IRQHandler                         0x080002f9   Thumb Code     0  startup_stm32f407xx.o(.text)
    FMC_IRQHandler                           0x080002f9   Thumb Code     0  startup_stm32f407xx.o(.text)
    FPU_IRQHandler                           0x080002f9   Thumb Code     0  startup_stm32f407xx.o(.text)
    HASH_RNG_IRQHandler                      0x080002f9   Thumb Code     0  startup_stm32f407xx.o(.text)
    I2C1_ER_IRQHandler                       0x080002f9   Thumb Code     0  startup_stm32f407xx.o(.text)
    I2C1_EV_IRQHandler                       0x080002f9   Thumb Code     0  startup_stm32f407xx.o(.text)
    I2C2_ER_IRQHandler                       0x080002f9   Thumb Code     0  startup_stm32f407xx.o(.text)
    I2C2_EV_IRQHandler                       0x080002f9   Thumb Code     0  startup_stm32f407xx.o(.text)
    I2C3_ER_IRQHandler                       0x080002f9   Thumb Code     0  startup_stm32f407xx.o(.text)
    I2C3_EV_IRQHandler                       0x080002f9   Thumb Code     0  startup_stm32f407xx.o(.text)
    OTG_FS_IRQHandler                        0x080002f9   Thumb Code     0  startup_stm32f407xx.o(.text)
    OTG_FS_WKUP_IRQHandler                   0x080002f9   Thumb Code     0  startup_stm32f407xx.o(.text)
    OTG_HS_EP1_IN_IRQHandler                 0x080002f9   Thumb Code     0  startup_stm32f407xx.o(.text)
    OTG_HS_EP1_OUT_IRQHandler                0x080002f9   Thumb Code     0  startup_stm32f407xx.o(.text)
    OTG_HS_IRQHandler                        0x080002f9   Thumb Code     0  startup_stm32f407xx.o(.text)
    OTG_HS_WKUP_IRQHandler                   0x080002f9   Thumb Code     0  startup_stm32f407xx.o(.text)
    PVD_IRQHandler                           0x080002f9   Thumb Code     0  startup_stm32f407xx.o(.text)
    RCC_IRQHandler                           0x080002f9   Thumb Code     0  startup_stm32f407xx.o(.text)
    RTC_Alarm_IRQHandler                     0x080002f9   Thumb Code     0  startup_stm32f407xx.o(.text)
    RTC_WKUP_IRQHandler                      0x080002f9   Thumb Code     0  startup_stm32f407xx.o(.text)
    SDIO_IRQHandler                          0x080002f9   Thumb Code     0  startup_stm32f407xx.o(.text)
    SPI1_IRQHandler                          0x080002f9   Thumb Code     0  startup_stm32f407xx.o(.text)
    SPI2_IRQHandler                          0x080002f9   Thumb Code     0  startup_stm32f407xx.o(.text)
    SPI3_IRQHandler                          0x080002f9   Thumb Code     0  startup_stm32f407xx.o(.text)
    TAMP_STAMP_IRQHandler                    0x080002f9   Thumb Code     0  startup_stm32f407xx.o(.text)
    TIM1_BRK_TIM9_IRQHandler                 0x080002f9   Thumb Code     0  startup_stm32f407xx.o(.text)
    TIM1_CC_IRQHandler                       0x080002f9   Thumb Code     0  startup_stm32f407xx.o(.text)
    TIM1_TRG_COM_TIM11_IRQHandler            0x080002f9   Thumb Code     0  startup_stm32f407xx.o(.text)
    TIM1_UP_TIM10_IRQHandler                 0x080002f9   Thumb Code     0  startup_stm32f407xx.o(.text)
    TIM2_IRQHandler                          0x080002f9   Thumb Code     0  startup_stm32f407xx.o(.text)
    TIM3_IRQHandler                          0x080002f9   Thumb Code     0  startup_stm32f407xx.o(.text)
    TIM4_IRQHandler                          0x080002f9   Thumb Code     0  startup_stm32f407xx.o(.text)
    TIM5_IRQHandler                          0x080002f9   Thumb Code     0  startup_stm32f407xx.o(.text)
    TIM6_DAC_IRQHandler                      0x080002f9   Thumb Code     0  startup_stm32f407xx.o(.text)
    TIM7_IRQHandler                          0x080002f9   Thumb Code     0  startup_stm32f407xx.o(.text)
    TIM8_BRK_TIM12_IRQHandler                0x080002f9   Thumb Code     0  startup_stm32f407xx.o(.text)
    TIM8_CC_IRQHandler                       0x080002f9   Thumb Code     0  startup_stm32f407xx.o(.text)
    TIM8_TRG_COM_TIM14_IRQHandler            0x080002f9   Thumb Code     0  startup_stm32f407xx.o(.text)
    TIM8_UP_TIM13_IRQHandler                 0x080002f9   Thumb Code     0  startup_stm32f407xx.o(.text)
    UART4_IRQHandler                         0x080002f9   Thumb Code     0  startup_stm32f407xx.o(.text)
    UART5_IRQHandler                         0x080002f9   Thumb Code     0  startup_stm32f407xx.o(.text)
    USART3_IRQHandler                        0x080002f9   Thumb Code     0  startup_stm32f407xx.o(.text)
    USART6_IRQHandler                        0x080002f9   Thumb Code     0  startup_stm32f407xx.o(.text)
    WWDG_IRQHandler                          0x080002f9   Thumb Code     0  startup_stm32f407xx.o(.text)
    __user_initial_stackheap                 0x080002fd   Thumb Code     0  startup_stm32f407xx.o(.text)
    __use_no_semihosting                     0x08000321   Thumb Code     2  use_no_semi_2.o(.text)
    __aeabi_uldivmod                         0x08000323   Thumb Code     0  lludivv7m.o(.text)
    _ll_udiv                                 0x08000323   Thumb Code   240  lludivv7m.o(.text)
    printf                                   0x08000415   Thumb Code    20  printf.o(.text)
    __aeabi_memclr4                          0x0800042d   Thumb Code     0  rt_memclr_w.o(.text)
    __aeabi_memclr8                          0x0800042d   Thumb Code     0  rt_memclr_w.o(.text)
    __rt_memclr_w                            0x0800042d   Thumb Code     0  rt_memclr_w.o(.text)
    _memset_w                                0x08000431   Thumb Code    74  rt_memclr_w.o(.text)
    __use_two_region_memory                  0x0800047b   Thumb Code     2  heapauxi.o(.text)
    __rt_heap_escrow$2region                 0x0800047d   Thumb Code     2  heapauxi.o(.text)
    __rt_heap_expand$2region                 0x0800047f   Thumb Code     2  heapauxi.o(.text)
    __semihosting$guard                      0x08000481   Thumb Code     0  use_no_semi.o(.text)
    __use_no_semihosting_swi                 0x08000481   Thumb Code     2  use_no_semi.o(.text)
    _printf_pre_padding                      0x08000483   Thumb Code    44  _printf_pad.o(.text)
    _printf_post_padding                     0x080004af   Thumb Code    34  _printf_pad.o(.text)
    _printf_truncate_signed                  0x080004d1   Thumb Code    18  _printf_truncate.o(.text)
    _printf_truncate_unsigned                0x080004e3   Thumb Code    18  _printf_truncate.o(.text)
    _printf_str                              0x080004f5   Thumb Code    82  _printf_str.o(.text)
    _printf_int_dec                          0x08000549   Thumb Code   104  _printf_dec.o(.text)
    _printf_charcount                        0x080005c1   Thumb Code    40  _printf_charcount.o(.text)
    _printf_char_file                        0x080005e9   Thumb Code    32  _printf_char_file.o(.text)
    _printf_wctomb                           0x0800060d   Thumb Code   182  _printf_wctomb.o(.text)
    _printf_longlong_dec                     0x080006c9   Thumb Code   108  _printf_longlong_dec.o(.text)
    _printf_longlong_oct                     0x08000745   Thumb Code    68  _printf_oct_int_ll.o(.text)
    _printf_int_oct                          0x08000789   Thumb Code    24  _printf_oct_int_ll.o(.text)
    _printf_ll_oct                           0x080007a1   Thumb Code    12  _printf_oct_int_ll.o(.text)
    _printf_longlong_hex                     0x080007b5   Thumb Code    86  _printf_hex_int_ll_ptr.o(.text)
    _printf_int_hex                          0x0800080b   Thumb Code    28  _printf_hex_int_ll_ptr.o(.text)
    _printf_ll_hex                           0x08000827   Thumb Code    12  _printf_hex_int_ll_ptr.o(.text)
    _printf_hex_ptr                          0x08000833   Thumb Code    18  _printf_hex_int_ll_ptr.o(.text)
    __printf                                 0x08000849   Thumb Code   388  __printf_flags_ss_wp.o(.text)
    _ll_udiv10                               0x080009d1   Thumb Code   138  lludiv10.o(.text)
    _printf_int_common                       0x08000a5b   Thumb Code   178  _printf_intcommon.o(.text)
    _printf_fp_dec_real                      0x08000cbd   Thumb Code   620  _printf_fp_dec.o(.text)
    _printf_fp_hex_real                      0x08000f29   Thumb Code   756  _printf_fp_hex.o(.text)
    _printf_char_common                      0x0800122f   Thumb Code    32  _printf_char_common.o(.text)
    _printf_cs_common                        0x08001255   Thumb Code    20  _printf_char.o(.text)
    _printf_char                             0x08001269   Thumb Code    16  _printf_char.o(.text)
    _printf_string                           0x08001279   Thumb Code     8  _printf_char.o(.text)
    _printf_lcs_common                       0x08001281   Thumb Code    20  _printf_wchar.o(.text)
    _printf_wchar                            0x08001295   Thumb Code    16  _printf_wchar.o(.text)
    _printf_wstring                          0x080012a5   Thumb Code     8  _printf_wchar.o(.text)
    ferror                                   0x080012ad   Thumb Code     8  ferror.o(.text)
    _c16rtomb                                0x080012b5   Thumb Code    72  _c16rtomb.o(.text)
    _wcrtomb                                 0x080012b5   Thumb Code     0  _c16rtomb.o(.text)
    __user_setup_stackheap                   0x080012fd   Thumb Code    74  sys_stackheap_outer.o(.text)
    __rt_ctype_table                         0x08001349   Thumb Code    16  rt_ctype_table.o(.text)
    __rt_locale                              0x08001359   Thumb Code     8  rt_locale_intlibspace.o(.text)
    _printf_fp_infnan                        0x08001361   Thumb Code   112  _printf_fp_infnan.o(.text)
    _btod_etento                             0x080013e1   Thumb Code   224  bigflt0.o(.text)
    exit                                     0x080014c5   Thumb Code    18  exit.o(.text)
    __user_libspace                          0x080014d9   Thumb Code     8  libspace.o(.text)
    __user_perproc_libspace                  0x080014d9   Thumb Code     0  libspace.o(.text)
    __user_perthread_libspace                0x080014d9   Thumb Code     0  libspace.o(.text)
    strcmp                                   0x080014e1   Thumb Code   124  strcmpv7em.o(.text)
    BusFault_Handler                         0x080017dd   Thumb Code     4  stm32f4xx_it.o(.text.BusFault_Handler)
    CRC16_Calculate                          0x080017e1   Thumb Code   150  crc16.o(.text.CRC16_Calculate)
    DMA2_Stream4_IRQHandler                  0x08001879   Thumb Code    54  adc.o(.text.DMA2_Stream4_IRQHandler)
    DebugMon_Handler                         0x08001a49   Thumb Code     2  stm32f4xx_it.o(.text.DebugMon_Handler)
    HAL_ADC_ConfigChannel                    0x08001a4d   Thumb Code   536  stm32f4xx_hal_adc.o(.text.HAL_ADC_ConfigChannel)
    HAL_ADC_ConvCpltCallback                 0x08001c65   Thumb Code     8  stm32f4xx_hal_adc.o(.text.HAL_ADC_ConvCpltCallback)
    HAL_ADC_ConvHalfCpltCallback             0x08001c6d   Thumb Code     8  stm32f4xx_hal_adc.o(.text.HAL_ADC_ConvHalfCpltCallback)
    HAL_ADC_ErrorCallback                    0x08001c75   Thumb Code     8  stm32f4xx_hal_adc.o(.text.HAL_ADC_ErrorCallback)
    HAL_ADC_Init                             0x08001c7d   Thumb Code   168  stm32f4xx_hal_adc.o(.text.HAL_ADC_Init)
    HAL_ADC_MspInit                          0x08001d25   Thumb Code   130  adc.o(.text.HAL_ADC_MspInit)
    HAL_ADC_Start_DMA                        0x08001da9   Thumb Code   580  stm32f4xx_hal_adc.o(.text.HAL_ADC_Start_DMA)
    HAL_DAC_ConfigChannel                    0x08001fed   Thumb Code   162  stm32f4xx_hal_dac.o(.text.HAL_DAC_ConfigChannel)
    HAL_DAC_Init                             0x08002091   Thumb Code    74  stm32f4xx_hal_dac.o(.text.HAL_DAC_Init)
    HAL_DAC_MspInit                          0x080020dd   Thumb Code     8  stm32f4xx_hal_dac.o(.text.HAL_DAC_MspInit)
    HAL_DAC_SetValue                         0x080020e5   Thumb Code    62  stm32f4xx_hal_dac.o(.text.HAL_DAC_SetValue)
    HAL_DAC_Start                            0x08002125   Thumb Code   176  stm32f4xx_hal_dac.o(.text.HAL_DAC_Start)
    HAL_DMA_Abort                            0x080021d5   Thumb Code   234  stm32f4xx_hal_dma.o(.text.HAL_DMA_Abort)
    HAL_DMA_Abort_IT                         0x080022c1   Thumb Code    68  stm32f4xx_hal_dma.o(.text.HAL_DMA_Abort_IT)
    HAL_DMA_Init                             0x08002305   Thumb Code   366  stm32f4xx_hal_dma.o(.text.HAL_DMA_Init)
    HAL_DMA_Start                            0x08002475   Thumb Code   142  stm32f4xx_hal_dma.o(.text.HAL_DMA_Start)
    HAL_DMA_Start_IT                         0x08002505   Thumb Code   194  stm32f4xx_hal_dma.o(.text.HAL_DMA_Start_IT)
    HAL_Delay                                0x080025c9   Thumb Code    18  delay.o(.text.HAL_Delay)
    HAL_GPIO_Init                            0x080025dd   Thumb Code   950  stm32f4xx_hal_gpio.o(.text.HAL_GPIO_Init)
    HAL_GPIO_WritePin                        0x08002995   Thumb Code    46  stm32f4xx_hal_gpio.o(.text.HAL_GPIO_WritePin)
    HAL_GetREVID                             0x080029c5   Thumb Code    14  stm32f4xx_hal.o(.text.HAL_GetREVID)
    HAL_GetTick                              0x080029d5   Thumb Code    12  stm32f4xx_hal.o(.text.HAL_GetTick)
    HAL_IncTick                              0x080029e1   Thumb Code    26  stm32f4xx_hal.o(.text.HAL_IncTick)
    HAL_Init                                 0x080029fd   Thumb Code    46  stm32f4xx_hal.o(.text.HAL_Init)
    HAL_InitTick                             0x08002a2d   Thumb Code   112  stm32f4xx_hal.o(.text.HAL_InitTick)
    HAL_MspInit                              0x08002a9d   Thumb Code     2  stm32f4xx_hal.o(.text.HAL_MspInit)
    HAL_NVIC_EnableIRQ                       0x08002aa1   Thumb Code    20  stm32f4xx_hal_cortex.o(.text.HAL_NVIC_EnableIRQ)
    HAL_NVIC_SetPriority                     0x08002ab5   Thumb Code    50  stm32f4xx_hal_cortex.o(.text.HAL_NVIC_SetPriority)
    HAL_NVIC_SetPriorityGrouping             0x08002ae9   Thumb Code    16  stm32f4xx_hal_cortex.o(.text.HAL_NVIC_SetPriorityGrouping)
    HAL_RCC_ClockConfig                      0x08002af9   Thumb Code   610  stm32f4xx_hal_rcc.o(.text.HAL_RCC_ClockConfig)
    HAL_RCC_GetHCLKFreq                      0x08002d5d   Thumb Code    12  stm32f4xx_hal_rcc.o(.text.HAL_RCC_GetHCLKFreq)
    HAL_RCC_GetPCLK1Freq                     0x08002d69   Thumb Code    34  stm32f4xx_hal_rcc.o(.text.HAL_RCC_GetPCLK1Freq)
    HAL_RCC_GetPCLK2Freq                     0x08002d8d   Thumb Code    34  stm32f4xx_hal_rcc.o(.text.HAL_RCC_GetPCLK2Freq)
    HAL_RCC_GetSysClockFreq                  0x08002db1   Thumb Code   230  stm32f4xx_hal_rcc.o(.text.HAL_RCC_GetSysClockFreq)
    HAL_RCC_OscConfig                        0x08002e99   Thumb Code  1726  stm32f4xx_hal_rcc.o(.text.HAL_RCC_OscConfig)
    HAL_SYSTICK_Config                       0x08003559   Thumb Code    16  stm32f4xx_hal_cortex.o(.text.HAL_SYSTICK_Config)
    HAL_UARTEx_RxEventCallback               0x08003569   Thumb Code    12  stm32f4xx_hal_uart.o(.text.HAL_UARTEx_RxEventCallback)
    HAL_UART_ErrorCallback                   0x08003575   Thumb Code     8  stm32f4xx_hal_uart.o(.text.HAL_UART_ErrorCallback)
    HAL_UART_IRQHandler                      0x0800357d   Thumb Code   840  stm32f4xx_hal_uart.o(.text.HAL_UART_IRQHandler)
    HAL_UART_Init                            0x080038c5   Thumb Code   154  stm32f4xx_hal_uart.o(.text.HAL_UART_Init)
    HAL_UART_MspInit                         0x08003961   Thumb Code   218  usart.o(.text.HAL_UART_MspInit)
    HAL_UART_Receive                         0x08003a3d   Thumb Code   356  stm32f4xx_hal_uart.o(.text.HAL_UART_Receive)
    HAL_UART_Receive_IT                      0x08003ba1   Thumb Code   120  stm32f4xx_hal_uart.o(.text.HAL_UART_Receive_IT)
    HAL_UART_RxCpltCallback                  0x08003c19   Thumb Code   240  usart.o(.text.HAL_UART_RxCpltCallback)
    HAL_UART_Transmit                        0x08003d09   Thumb Code   334  stm32f4xx_hal_uart.o(.text.HAL_UART_Transmit)
    HAL_UART_TxCpltCallback                  0x08003e59   Thumb Code     8  stm32f4xx_hal_uart.o(.text.HAL_UART_TxCpltCallback)
    HardFault_Handler                        0x08003e61   Thumb Code     4  stm32f4xx_it.o(.text.HardFault_Handler)
    MemManage_Handler                        0x08003e65   Thumb Code     4  stm32f4xx_it.o(.text.MemManage_Handler)
    Modbus_Process                           0x08003e69   Thumb Code   168  modbus.o(.text.Modbus_Process)
    NMI_Handler                              0x08003f11   Thumb Code     2  stm32f4xx_it.o(.text.NMI_Handler)
    PID_Compute                              0x08003f81   Thumb Code   288  pid.o(.text.PID_Compute)
    PID_Init                                 0x080040a1   Thumb Code    72  pid.o(.text.PID_Init)
    PendSV_Handler                           0x080040e9   Thumb Code     2  stm32f4xx_it.o(.text.PendSV_Handler)
    SVC_Handler                              0x080040ed   Thumb Code     2  stm32f4xx_it.o(.text.SVC_Handler)
    SysTick_Handler                          0x08004145   Thumb Code     8  stm32f4xx_it.o(.text.SysTick_Handler)
    SystemInit                               0x0800414d   Thumb Code    18  system_stm32f4xx.o(.text.SystemInit)
    UART_Start_Receive_IT                    0x08004449   Thumb Code   100  stm32f4xx_hal_uart.o(.text.UART_Start_Receive_IT)
    USART1_IRQHandler                        0x080045dd   Thumb Code    16  usart.o(.text.USART1_IRQHandler)
    USART2_IRQHandler                        0x080045ed   Thumb Code   106  rs485.o(.text.USART2_IRQHandler)
    UsageFault_Handler                       0x08004659   Thumb Code     4  stm32f4xx_it.o(.text.UsageFault_Handler)
    _sys_exit                                0x0800471d   Thumb Code     8  usart.o(.text._sys_exit)
    adc_channel_set                          0x08004725   Thumb Code    36  adc.o(.text.adc_channel_set)
    adc_dma_enable                           0x08004749   Thumb Code    90  adc.o(.text.adc_dma_enable)
    adc_dma_init                             0x080047a5   Thumb Code   202  adc.o(.text.adc_dma_init)
    adc_init                                 0x08004871   Thumb Code    66  adc.o(.text.adc_init)
    dac_init                                 0x080048b5   Thumb Code   230  dac.o(.text.dac_init)
    delay_init                               0x0800499d   Thumb Code    24  delay.o(.text.delay_init)
    delay_ms                                 0x080049b5   Thumb Code    26  delay.o(.text.delay_ms)
    delay_us                                 0x080049d1   Thumb Code   138  delay.o(.text.delay_us)
    float_to_ieee754                         0x08004a5d   Thumb Code    18  ieee754.o(.text.float_to_ieee754)
    fputc                                    0x08004a71   Thumb Code    48  usart.o(.text.fputc)
    main                                     0x08004aa1   Thumb Code   564  main.o(.text.main)
    rs485_init                               0x08004cd5   Thumb Code   346  rs485.o(.text.rs485_init)
    rs485_send_data                          0x08004e31   Thumb Code    92  rs485.o(.text.rs485_send_data)
    sys_stm32_clock_init                     0x08004e8d   Thumb Code   270  sys.o(.text.sys_stm32_clock_init)
    usart_init                               0x08004f9d   Thumb Code    68  usart.o(.text.usart_init)
    _btod_d2e                                0x08004fe1   Thumb Code    62  btod.o(CL$$btod_d2e)
    _d2e_denorm_low                          0x0800501f   Thumb Code    70  btod.o(CL$$btod_d2e_denorm_low)
    _d2e_norm_op1                            0x08005065   Thumb Code    96  btod.o(CL$$btod_d2e_norm_op1)
    __btod_div_common                        0x080050c5   Thumb Code   696  btod.o(CL$$btod_div_common)
    _e2e                                     0x080053fd   Thumb Code   220  btod.o(CL$$btod_e2e)
    _btod_ediv                               0x080054d9   Thumb Code    42  btod.o(CL$$btod_ediv)
    _btod_emul                               0x08005503   Thumb Code    42  btod.o(CL$$btod_emul)
    __btod_mult_common                       0x0800552d   Thumb Code   580  btod.o(CL$$btod_mult_common)
    __ARM_fpclassify                         0x08005771   Thumb Code    48  fpclassify.o(i.__ARM_fpclassify)
    _is_digit                                0x080057a1   Thumb Code    14  __printf_wp.o(i._is_digit)
    _get_lc_numeric                          0x080057b1   Thumb Code    44  lc_numeric_c.o(locale$$code)
    _get_lc_ctype                            0x080057dd   Thumb Code    44  lc_ctype_c.o(locale$$code)
    __aeabi_d2f                              0x08005809   Thumb Code     0  d2f.o(x$fpl$d2f)
    _d2f                                     0x08005809   Thumb Code    98  d2f.o(x$fpl$d2f)
    __aeabi_i2d                              0x0800586b   Thumb Code     0  dflt_clz.o(x$fpl$dflt)
    _dflt                                    0x0800586b   Thumb Code    46  dflt_clz.o(x$fpl$dflt)
    __aeabi_dmul                             0x08005899   Thumb Code     0  dmul.o(x$fpl$dmul)
    _dmul                                    0x08005899   Thumb Code   332  dmul.o(x$fpl$dmul)
    __fpl_dnaninf                            0x080059ed   Thumb Code   156  dnaninf.o(x$fpl$dnaninf)
    __fpl_dretinf                            0x08005a89   Thumb Code    12  dretinf.o(x$fpl$dretinf)
    __aeabi_f2d                              0x08005a95   Thumb Code     0  f2d.o(x$fpl$f2d)
    _f2d                                     0x08005a95   Thumb Code    86  f2d.o(x$fpl$f2d)
    __fpl_fnaninf                            0x08005aeb   Thumb Code   140  fnaninf.o(x$fpl$fnaninf)
    _fp_init                                 0x08005b77   Thumb Code    26  fpinit.o(x$fpl$fpinit)
    __fplib_config_fpu_vfp                   0x08005b8f   Thumb Code     0  fpinit.o(x$fpl$fpinit)
    __fplib_config_pureend_doubles           0x08005b8f   Thumb Code     0  fpinit.o(x$fpl$fpinit)
    __fpl_fretinf                            0x08005b91   Thumb Code    10  fretinf.o(x$fpl$fretinf)
    _printf_fp_dec                           0x08005b9b   Thumb Code     4  printf1.o(x$fpl$printf1)
    _printf_fp_hex                           0x08005b9f   Thumb Code     4  printf2.o(x$fpl$printf2)
    __I$use$fp                               0x08005ba2   Number         0  usenofp.o(x$fpl$usenofp)
    AHBPrescTable                            0x08005ca0   Data          16  system_stm32f4xx.o(.rodata.AHBPrescTable)
    APBPrescTable                            0x08005cb0   Data           8  system_stm32f4xx.o(.rodata.APBPrescTable)
    Region$$Table$$Base                      0x08005cc8   Number         0  anon$$obj.o(Region$$Table)
    Region$$Table$$Limit                     0x08005ce8   Number         0  anon$$obj.o(Region$$Table)
    __ctype                                  0x08005d11   Data           0  lc_ctype_c.o(locale$$data)
    __ARM_use_no_argv                        0x20000000   Data           4  main.o(.ARM.use_no_argv)
    SystemCoreClock                          0x20000004   Data           4  system_stm32f4xx.o(.data.SystemCoreClock)
    uwTickFreq                               0x20000008   Data           1  stm32f4xx_hal.o(.data.uwTickFreq)
    uwTickPrio                               0x2000000c   Data           4  stm32f4xx_hal.o(.data.uwTickPrio)
    __libspace_start                         0x20000010   Data          96  libspace.o(.bss)
    __stdout                                 0x20000070   Data          84  usart.o(.bss.__stdout)
    __temporary_stack_top$libspace           0x20000070   Data           0  libspace.o(.bss)
    bytes                                    0x200000c4   Data           4  main.o(.bss.bytes)
    g_RS485_rx_buf                           0x200000c8   Data          64  rs485.o(.bss.g_RS485_rx_buf)
    g_RS485_rx_cnt                           0x20000108   Data           1  rs485.o(.bss.g_RS485_rx_cnt)
    g_adc_dma_buf                            0x2000010a   Data         100  main.o(.bss.g_adc_dma_buf)
    g_adc_dma_sta                            0x2000016e   Data           1  adc.o(.bss.g_adc_dma_sta)
    g_adc_handle                             0x20000170   Data          72  adc.o(.bss.g_adc_handle)
    g_dac1_handle                            0x200001b8   Data          20  dac.o(.bss.g_dac1_handle)
    g_dma_adc_handle                         0x200001cc   Data          96  adc.o(.bss.g_dma_adc_handle)
    g_rs458_handler                          0x20000230   Data          68  rs485.o(.bss.g_rs458_handler)
    g_rx_buffer                              0x20000274   Data           1  usart.o(.bss.g_rx_buffer)
    g_uart1_handle                           0x20000278   Data          68  usart.o(.bss.g_uart1_handle)
    g_usart_rx_buf                           0x200002bc   Data         200  usart.o(.bss.g_usart_rx_buf)
    g_usart_rx_sta                           0x20000384   Data           2  usart.o(.bss.g_usart_rx_sta)
    uwTick                                   0x20000388   Data           4  stm32f4xx_hal.o(.bss.uwTick)



==============================================================================

Memory Map of the image

  Image Entry point : 0x08000189

  Load Region LR_IROM1 (Base: 0x08000000, Size: 0x00005e28, Max: 0x00100000, ABSOLUTE)

    Execution Region ER_IROM1 (Exec base: 0x08000000, Load base: 0x08000000, Size: 0x00005e14, Max: 0x00100000, ABSOLUTE)

    Exec Addr    Load Addr    Size         Type   Attr      Idx    E Section Name        Object

    0x08000000   0x08000000   0x00000188   Data   RO            3    RESET               startup_stm32f407xx.o
    0x08000188   0x08000188   0x00000008   Code   RO         1485  * !!!main             c_w.l(__main.o)
    0x08000190   0x08000190   0x00000034   Code   RO         1865    !!!scatter          c_w.l(__scatter.o)
    0x080001c4   0x080001c4   0x0000001a   Code   RO         1867    !!handler_copy      c_w.l(__scatter_copy.o)
    0x080001de   0x080001de   0x00000002   PAD
    0x080001e0   0x080001e0   0x0000001c   Code   RO         1869    !!handler_zi        c_w.l(__scatter_zi.o)
    0x080001fc   0x080001fc   0x00000000   Code   RO         1599    .ARM.Collect$$_printf_percent$$00000000  c_w.l(_printf_percent.o)
    0x080001fc   0x080001fc   0x00000006   Code   RO         1588    .ARM.Collect$$_printf_percent$$00000001  c_w.l(_printf_n.o)
    0x08000202   0x08000202   0x00000006   Code   RO         1590    .ARM.Collect$$_printf_percent$$00000002  c_w.l(_printf_p.o)
    0x08000208   0x08000208   0x00000006   Code   RO         1595    .ARM.Collect$$_printf_percent$$00000003  c_w.l(_printf_f.o)
    0x0800020e   0x0800020e   0x00000006   Code   RO         1596    .ARM.Collect$$_printf_percent$$00000004  c_w.l(_printf_e.o)
    0x08000214   0x08000214   0x00000006   Code   RO         1597    .ARM.Collect$$_printf_percent$$00000005  c_w.l(_printf_g.o)
    0x0800021a   0x0800021a   0x00000006   Code   RO         1598    .ARM.Collect$$_printf_percent$$00000006  c_w.l(_printf_a.o)
    0x08000220   0x08000220   0x0000000a   Code   RO         1603    .ARM.Collect$$_printf_percent$$00000007  c_w.l(_printf_ll.o)
    0x0800022a   0x0800022a   0x00000006   Code   RO         1592    .ARM.Collect$$_printf_percent$$00000008  c_w.l(_printf_i.o)
    0x08000230   0x08000230   0x00000006   Code   RO         1593    .ARM.Collect$$_printf_percent$$00000009  c_w.l(_printf_d.o)
    0x08000236   0x08000236   0x00000006   Code   RO         1594    .ARM.Collect$$_printf_percent$$0000000A  c_w.l(_printf_u.o)
    0x0800023c   0x0800023c   0x00000006   Code   RO         1591    .ARM.Collect$$_printf_percent$$0000000B  c_w.l(_printf_o.o)
    0x08000242   0x08000242   0x00000006   Code   RO         1589    .ARM.Collect$$_printf_percent$$0000000C  c_w.l(_printf_x.o)
    0x08000248   0x08000248   0x00000006   Code   RO         1600    .ARM.Collect$$_printf_percent$$0000000D  c_w.l(_printf_lli.o)
    0x0800024e   0x0800024e   0x00000006   Code   RO         1601    .ARM.Collect$$_printf_percent$$0000000E  c_w.l(_printf_lld.o)
    0x08000254   0x08000254   0x00000006   Code   RO         1602    .ARM.Collect$$_printf_percent$$0000000F  c_w.l(_printf_llu.o)
    0x0800025a   0x0800025a   0x00000006   Code   RO         1607    .ARM.Collect$$_printf_percent$$00000010  c_w.l(_printf_llo.o)
    0x08000260   0x08000260   0x00000006   Code   RO         1608    .ARM.Collect$$_printf_percent$$00000011  c_w.l(_printf_llx.o)
    0x08000266   0x08000266   0x0000000a   Code   RO         1604    .ARM.Collect$$_printf_percent$$00000012  c_w.l(_printf_l.o)
    0x08000270   0x08000270   0x00000006   Code   RO         1586    .ARM.Collect$$_printf_percent$$00000013  c_w.l(_printf_c.o)
    0x08000276   0x08000276   0x00000006   Code   RO         1587    .ARM.Collect$$_printf_percent$$00000014  c_w.l(_printf_s.o)
    0x0800027c   0x0800027c   0x00000006   Code   RO         1605    .ARM.Collect$$_printf_percent$$00000015  c_w.l(_printf_lc.o)
    0x08000282   0x08000282   0x00000006   Code   RO         1606    .ARM.Collect$$_printf_percent$$00000016  c_w.l(_printf_ls.o)
    0x08000288   0x08000288   0x00000004   Code   RO         1666    .ARM.Collect$$_printf_percent$$00000017  c_w.l(_printf_percent_end.o)
    0x0800028c   0x0800028c   0x00000002   Code   RO         1729    .ARM.Collect$$libinit$$00000000  c_w.l(libinit.o)
    0x0800028e   0x0800028e   0x00000004   Code   RO         1752    .ARM.Collect$$libinit$$00000001  c_w.l(libinit2.o)
    0x08000292   0x08000292   0x00000000   Code   RO         1755    .ARM.Collect$$libinit$$00000004  c_w.l(libinit2.o)
    0x08000292   0x08000292   0x00000000   Code   RO         1757    .ARM.Collect$$libinit$$00000006  c_w.l(libinit2.o)
    0x08000292   0x08000292   0x00000000   Code   RO         1760    .ARM.Collect$$libinit$$0000000C  c_w.l(libinit2.o)
    0x08000292   0x08000292   0x00000000   Code   RO         1762    .ARM.Collect$$libinit$$0000000E  c_w.l(libinit2.o)
    0x08000292   0x08000292   0x00000000   Code   RO         1764    .ARM.Collect$$libinit$$00000010  c_w.l(libinit2.o)
    0x08000292   0x08000292   0x00000006   Code   RO         1765    .ARM.Collect$$libinit$$00000011  c_w.l(libinit2.o)
    0x08000298   0x08000298   0x00000000   Code   RO         1767    .ARM.Collect$$libinit$$00000013  c_w.l(libinit2.o)
    0x08000298   0x08000298   0x0000000c   Code   RO         1768    .ARM.Collect$$libinit$$00000014  c_w.l(libinit2.o)
    0x080002a4   0x080002a4   0x00000000   Code   RO         1769    .ARM.Collect$$libinit$$00000015  c_w.l(libinit2.o)
    0x080002a4   0x080002a4   0x00000000   Code   RO         1771    .ARM.Collect$$libinit$$00000017  c_w.l(libinit2.o)
    0x080002a4   0x080002a4   0x0000000a   Code   RO         1772    .ARM.Collect$$libinit$$00000018  c_w.l(libinit2.o)
    0x080002ae   0x080002ae   0x00000000   Code   RO         1773    .ARM.Collect$$libinit$$00000019  c_w.l(libinit2.o)
    0x080002ae   0x080002ae   0x00000000   Code   RO         1775    .ARM.Collect$$libinit$$0000001B  c_w.l(libinit2.o)
    0x080002ae   0x080002ae   0x00000000   Code   RO         1777    .ARM.Collect$$libinit$$0000001D  c_w.l(libinit2.o)
    0x080002ae   0x080002ae   0x00000000   Code   RO         1779    .ARM.Collect$$libinit$$0000001F  c_w.l(libinit2.o)
    0x080002ae   0x080002ae   0x00000000   Code   RO         1781    .ARM.Collect$$libinit$$00000021  c_w.l(libinit2.o)
    0x080002ae   0x080002ae   0x00000000   Code   RO         1783    .ARM.Collect$$libinit$$00000023  c_w.l(libinit2.o)
    0x080002ae   0x080002ae   0x00000000   Code   RO         1785    .ARM.Collect$$libinit$$00000025  c_w.l(libinit2.o)
    0x080002ae   0x080002ae   0x00000000   Code   RO         1787    .ARM.Collect$$libinit$$00000027  c_w.l(libinit2.o)
    0x080002ae   0x080002ae   0x00000000   Code   RO         1791    .ARM.Collect$$libinit$$0000002E  c_w.l(libinit2.o)
    0x080002ae   0x080002ae   0x00000000   Code   RO         1793    .ARM.Collect$$libinit$$00000030  c_w.l(libinit2.o)
    0x080002ae   0x080002ae   0x00000000   Code   RO         1795    .ARM.Collect$$libinit$$00000032  c_w.l(libinit2.o)
    0x080002ae   0x080002ae   0x00000000   Code   RO         1797    .ARM.Collect$$libinit$$00000034  c_w.l(libinit2.o)
    0x080002ae   0x080002ae   0x00000002   Code   RO         1798    .ARM.Collect$$libinit$$00000035  c_w.l(libinit2.o)
    0x080002b0   0x080002b0   0x00000002   Code   RO         1824    .ARM.Collect$$libshutdown$$00000000  c_w.l(libshutdown.o)
    0x080002b2   0x080002b2   0x00000000   Code   RO         1848    .ARM.Collect$$libshutdown$$00000002  c_w.l(libshutdown2.o)
    0x080002b2   0x080002b2   0x00000000   Code   RO         1850    .ARM.Collect$$libshutdown$$00000004  c_w.l(libshutdown2.o)
    0x080002b2   0x080002b2   0x00000000   Code   RO         1853    .ARM.Collect$$libshutdown$$00000007  c_w.l(libshutdown2.o)
    0x080002b2   0x080002b2   0x00000000   Code   RO         1856    .ARM.Collect$$libshutdown$$0000000A  c_w.l(libshutdown2.o)
    0x080002b2   0x080002b2   0x00000000   Code   RO         1858    .ARM.Collect$$libshutdown$$0000000C  c_w.l(libshutdown2.o)
    0x080002b2   0x080002b2   0x00000000   Code   RO         1861    .ARM.Collect$$libshutdown$$0000000F  c_w.l(libshutdown2.o)
    0x080002b2   0x080002b2   0x00000002   Code   RO         1862    .ARM.Collect$$libshutdown$$00000010  c_w.l(libshutdown2.o)
    0x080002b4   0x080002b4   0x00000000   Code   RO         1515    .ARM.Collect$$rtentry$$00000000  c_w.l(__rtentry.o)
    0x080002b4   0x080002b4   0x00000000   Code   RO         1633    .ARM.Collect$$rtentry$$00000002  c_w.l(__rtentry2.o)
    0x080002b4   0x080002b4   0x00000006   Code   RO         1645    .ARM.Collect$$rtentry$$00000004  c_w.l(__rtentry4.o)
    0x080002ba   0x080002ba   0x00000000   Code   RO         1635    .ARM.Collect$$rtentry$$00000009  c_w.l(__rtentry2.o)
    0x080002ba   0x080002ba   0x00000004   Code   RO         1636    .ARM.Collect$$rtentry$$0000000A  c_w.l(__rtentry2.o)
    0x080002be   0x080002be   0x00000000   Code   RO         1638    .ARM.Collect$$rtentry$$0000000C  c_w.l(__rtentry2.o)
    0x080002be   0x080002be   0x00000008   Code   RO         1639    .ARM.Collect$$rtentry$$0000000D  c_w.l(__rtentry2.o)
    0x080002c6   0x080002c6   0x00000002   Code   RO         1737    .ARM.Collect$$rtexit$$00000000  c_w.l(rtexit.o)
    0x080002c8   0x080002c8   0x00000000   Code   RO         1800    .ARM.Collect$$rtexit$$00000002  c_w.l(rtexit2.o)
    0x080002c8   0x080002c8   0x00000004   Code   RO         1801    .ARM.Collect$$rtexit$$00000003  c_w.l(rtexit2.o)
    0x080002cc   0x080002cc   0x00000006   Code   RO         1802    .ARM.Collect$$rtexit$$00000004  c_w.l(rtexit2.o)
    0x080002d2   0x080002d2   0x00000002   PAD
    0x080002d4   0x080002d4   0x0000004c   Code   RO            4    .text               startup_stm32f407xx.o
    0x08000320   0x08000320   0x00000002   Code   RO         1475    .text               c_w.l(use_no_semi_2.o)
    0x08000322   0x08000322   0x000000f0   Code   RO         1477    .text               c_w.l(lludivv7m.o)
    0x08000412   0x08000412   0x00000002   PAD
    0x08000414   0x08000414   0x00000018   Code   RO         1479    .text               c_w.l(printf.o)
    0x0800042c   0x0800042c   0x0000004e   Code   RO         1481    .text               c_w.l(rt_memclr_w.o)
    0x0800047a   0x0800047a   0x00000006   Code   RO         1483    .text               c_w.l(heapauxi.o)
    0x08000480   0x08000480   0x00000002   Code   RO         1513    .text               c_w.l(use_no_semi.o)
    0x08000482   0x08000482   0x0000004e   Code   RO         1522    .text               c_w.l(_printf_pad.o)
    0x080004d0   0x080004d0   0x00000024   Code   RO         1524    .text               c_w.l(_printf_truncate.o)
    0x080004f4   0x080004f4   0x00000052   Code   RO         1526    .text               c_w.l(_printf_str.o)
    0x08000546   0x08000546   0x00000002   PAD
    0x08000548   0x08000548   0x00000078   Code   RO         1528    .text               c_w.l(_printf_dec.o)
    0x080005c0   0x080005c0   0x00000028   Code   RO         1530    .text               c_w.l(_printf_charcount.o)
    0x080005e8   0x080005e8   0x00000024   Code   RO         1532    .text               c_w.l(_printf_char_file.o)
    0x0800060c   0x0800060c   0x000000bc   Code   RO         1534    .text               c_w.l(_printf_wctomb.o)
    0x080006c8   0x080006c8   0x0000007c   Code   RO         1537    .text               c_w.l(_printf_longlong_dec.o)
    0x08000744   0x08000744   0x00000070   Code   RO         1543    .text               c_w.l(_printf_oct_int_ll.o)
    0x080007b4   0x080007b4   0x00000094   Code   RO         1563    .text               c_w.l(_printf_hex_int_ll_ptr.o)
    0x08000848   0x08000848   0x00000188   Code   RO         1583    .text               c_w.l(__printf_flags_ss_wp.o)
    0x080009d0   0x080009d0   0x0000008a   Code   RO         1649    .text               c_w.l(lludiv10.o)
    0x08000a5a   0x08000a5a   0x000000b2   Code   RO         1651    .text               c_w.l(_printf_intcommon.o)
    0x08000b0c   0x08000b0c   0x0000041c   Code   RO         1653    .text               c_w.l(_printf_fp_dec.o)
    0x08000f28   0x08000f28   0x000002fc   Code   RO         1657    .text               c_w.l(_printf_fp_hex.o)
    0x08001224   0x08001224   0x00000030   Code   RO         1660    .text               c_w.l(_printf_char_common.o)
    0x08001254   0x08001254   0x0000002c   Code   RO         1662    .text               c_w.l(_printf_char.o)
    0x08001280   0x08001280   0x0000002c   Code   RO         1664    .text               c_w.l(_printf_wchar.o)
    0x080012ac   0x080012ac   0x00000008   Code   RO         1667    .text               c_w.l(ferror.o)
    0x080012b4   0x080012b4   0x00000048   Code   RO         1671    .text               c_w.l(_c16rtomb.o)
    0x080012fc   0x080012fc   0x0000004a   Code   RO         1675    .text               c_w.l(sys_stackheap_outer.o)
    0x08001346   0x08001346   0x00000002   PAD
    0x08001348   0x08001348   0x00000010   Code   RO         1677    .text               c_w.l(rt_ctype_table.o)
    0x08001358   0x08001358   0x00000008   Code   RO         1682    .text               c_w.l(rt_locale_intlibspace.o)
    0x08001360   0x08001360   0x00000080   Code   RO         1684    .text               c_w.l(_printf_fp_infnan.o)
    0x080013e0   0x080013e0   0x000000e4   Code   RO         1688    .text               c_w.l(bigflt0.o)
    0x080014c4   0x080014c4   0x00000012   Code   RO         1718    .text               c_w.l(exit.o)
    0x080014d6   0x080014d6   0x00000002   PAD
    0x080014d8   0x080014d8   0x00000008   Code   RO         1734    .text               c_w.l(libspace.o)
    0x080014e0   0x080014e0   0x0000007c   Code   RO         1750    .text               c_w.l(strcmpv7em.o)
    0x0800155c   0x0800155c   0x000000b2   Code   RO         1410    .text.ADC_DMAConvCplt  stm32f4xx_hal_adc.o
    0x0800160e   0x0800160e   0x00000002   PAD
    0x08001610   0x08001610   0x00000026   Code   RO         1414    .text.ADC_DMAError  stm32f4xx_hal_adc.o
    0x08001636   0x08001636   0x00000002   PAD
    0x08001638   0x08001638   0x00000016   Code   RO         1412    .text.ADC_DMAHalfConvCplt  stm32f4xx_hal_adc.o
    0x0800164e   0x0800164e   0x00000002   PAD
    0x08001650   0x08001650   0x0000018a   Code   RO         1382    .text.ADC_Init      stm32f4xx_hal_adc.o
    0x080017da   0x080017da   0x00000002   PAD
    0x080017dc   0x080017dc   0x00000004   Code   RO           29    .text.BusFault_Handler  stm32f4xx_it.o
    0x080017e0   0x080017e0   0x00000096   Code   RO          278    .text.CRC16_Calculate  crc16.o
    0x08001876   0x08001876   0x00000002   PAD
    0x08001878   0x08001878   0x00000036   Code   RO          243    .text.DMA2_Stream4_IRQHandler  adc.o
    0x080018ae   0x080018ae   0x00000002   PAD
    0x080018b0   0x080018b0   0x00000056   Code   RO          465    .text.DMA_CalcBaseAndBitshift  stm32f4xx_hal_dma.o
    0x08001906   0x08001906   0x00000002   PAD
    0x08001908   0x08001908   0x000000f0   Code   RO          463    .text.DMA_CheckFifoParam  stm32f4xx_hal_dma.o
    0x080019f8   0x080019f8   0x00000050   Code   RO          471    .text.DMA_SetConfig  stm32f4xx_hal_dma.o
    0x08001a48   0x08001a48   0x00000002   Code   RO           35    .text.DebugMon_Handler  stm32f4xx_it.o
    0x08001a4a   0x08001a4a   0x00000002   PAD
    0x08001a4c   0x08001a4c   0x00000218   Code   RO         1422    .text.HAL_ADC_ConfigChannel  stm32f4xx_hal_adc.o
    0x08001c64   0x08001c64   0x00000008   Code   RO         1402    .text.HAL_ADC_ConvCpltCallback  stm32f4xx_hal_adc.o
    0x08001c6c   0x08001c6c   0x00000008   Code   RO         1420    .text.HAL_ADC_ConvHalfCpltCallback  stm32f4xx_hal_adc.o
    0x08001c74   0x08001c74   0x00000008   Code   RO         1406    .text.HAL_ADC_ErrorCallback  stm32f4xx_hal_adc.o
    0x08001c7c   0x08001c7c   0x000000a8   Code   RO         1378    .text.HAL_ADC_Init  stm32f4xx_hal_adc.o
    0x08001d24   0x08001d24   0x00000082   Code   RO          231    .text.HAL_ADC_MspInit  adc.o
    0x08001da6   0x08001da6   0x00000002   PAD
    0x08001da8   0x08001da8   0x00000244   Code   RO         1408    .text.HAL_ADC_Start_DMA  stm32f4xx_hal_adc.o
    0x08001fec   0x08001fec   0x000000a2   Code   RO         1028    .text.HAL_DAC_ConfigChannel  stm32f4xx_hal_dac.o
    0x0800208e   0x0800208e   0x00000002   PAD
    0x08002090   0x08002090   0x0000004a   Code   RO          992    .text.HAL_DAC_Init  stm32f4xx_hal_dac.o
    0x080020da   0x080020da   0x00000002   PAD
    0x080020dc   0x080020dc   0x00000008   Code   RO          994    .text.HAL_DAC_MspInit  stm32f4xx_hal_dac.o
    0x080020e4   0x080020e4   0x0000003e   Code   RO         1018    .text.HAL_DAC_SetValue  stm32f4xx_hal_dac.o
    0x08002122   0x08002122   0x00000002   PAD
    0x08002124   0x08002124   0x000000b0   Code   RO         1000    .text.HAL_DAC_Start  stm32f4xx_hal_dac.o
    0x080021d4   0x080021d4   0x000000ea   Code   RO          475    .text.HAL_DMA_Abort  stm32f4xx_hal_dma.o
    0x080022be   0x080022be   0x00000002   PAD
    0x080022c0   0x080022c0   0x00000044   Code   RO          477    .text.HAL_DMA_Abort_IT  stm32f4xx_hal_dma.o
    0x08002304   0x08002304   0x0000016e   Code   RO          461    .text.HAL_DMA_Init  stm32f4xx_hal_dma.o
    0x08002472   0x08002472   0x00000002   PAD
    0x08002474   0x08002474   0x0000008e   Code   RO          469    .text.HAL_DMA_Start  stm32f4xx_hal_dma.o
    0x08002502   0x08002502   0x00000002   PAD
    0x08002504   0x08002504   0x000000c2   Code   RO          473    .text.HAL_DMA_Start_IT  stm32f4xx_hal_dma.o
    0x080025c6   0x080025c6   0x00000002   PAD
    0x080025c8   0x080025c8   0x00000012   Code   RO           68    .text.HAL_Delay     delay.o
    0x080025da   0x080025da   0x00000002   PAD
    0x080025dc   0x080025dc   0x000003b6   Code   RO          499    .text.HAL_GPIO_Init  stm32f4xx_hal_gpio.o
    0x08002992   0x08002992   0x00000002   PAD
    0x08002994   0x08002994   0x0000002e   Code   RO          505    .text.HAL_GPIO_WritePin  stm32f4xx_hal_gpio.o
    0x080029c2   0x080029c2   0x00000002   PAD
    0x080029c4   0x080029c4   0x0000000e   Code   RO          354    .text.HAL_GetREVID  stm32f4xx_hal.o
    0x080029d2   0x080029d2   0x00000002   PAD
    0x080029d4   0x080029d4   0x0000000c   Code   RO          338    .text.HAL_GetTick   stm32f4xx_hal.o
    0x080029e0   0x080029e0   0x0000001a   Code   RO          336    .text.HAL_IncTick   stm32f4xx_hal.o
    0x080029fa   0x080029fa   0x00000002   PAD
    0x080029fc   0x080029fc   0x0000002e   Code   RO          326    .text.HAL_Init      stm32f4xx_hal.o
    0x08002a2a   0x08002a2a   0x00000002   PAD
    0x08002a2c   0x08002a2c   0x00000070   Code   RO          328    .text.HAL_InitTick  stm32f4xx_hal.o
    0x08002a9c   0x08002a9c   0x00000002   Code   RO          330    .text.HAL_MspInit   stm32f4xx_hal.o
    0x08002a9e   0x08002a9e   0x00000002   PAD
    0x08002aa0   0x08002aa0   0x00000014   Code   RO          402    .text.HAL_NVIC_EnableIRQ  stm32f4xx_hal_cortex.o
    0x08002ab4   0x08002ab4   0x00000032   Code   RO          394    .text.HAL_NVIC_SetPriority  stm32f4xx_hal_cortex.o
    0x08002ae6   0x08002ae6   0x00000002   PAD
    0x08002ae8   0x08002ae8   0x00000010   Code   RO          390    .text.HAL_NVIC_SetPriorityGrouping  stm32f4xx_hal_cortex.o
    0x08002af8   0x08002af8   0x00000262   Code   RO          526    .text.HAL_RCC_ClockConfig  stm32f4xx_hal_rcc.o
    0x08002d5a   0x08002d5a   0x00000002   PAD
    0x08002d5c   0x08002d5c   0x0000000c   Code   RO          536    .text.HAL_RCC_GetHCLKFreq  stm32f4xx_hal_rcc.o
    0x08002d68   0x08002d68   0x00000022   Code   RO          538    .text.HAL_RCC_GetPCLK1Freq  stm32f4xx_hal_rcc.o
    0x08002d8a   0x08002d8a   0x00000002   PAD
    0x08002d8c   0x08002d8c   0x00000022   Code   RO          540    .text.HAL_RCC_GetPCLK2Freq  stm32f4xx_hal_rcc.o
    0x08002dae   0x08002dae   0x00000002   PAD
    0x08002db0   0x08002db0   0x000000e6   Code   RO          528    .text.HAL_RCC_GetSysClockFreq  stm32f4xx_hal_rcc.o
    0x08002e96   0x08002e96   0x00000002   PAD
    0x08002e98   0x08002e98   0x000006be   Code   RO          524    .text.HAL_RCC_OscConfig  stm32f4xx_hal_rcc.o
    0x08003556   0x08003556   0x00000002   PAD
    0x08003558   0x08003558   0x00000010   Code   RO          414    .text.HAL_SYSTICK_Config  stm32f4xx_hal_cortex.o
    0x08003568   0x08003568   0x0000000c   Code   RO          821    .text.HAL_UARTEx_RxEventCallback  stm32f4xx_hal_uart.o
    0x08003574   0x08003574   0x00000008   Code   RO          819    .text.HAL_UART_ErrorCallback  stm32f4xx_hal_uart.o
    0x0800357c   0x0800357c   0x00000348   Code   RO          813    .text.HAL_UART_IRQHandler  stm32f4xx_hal_uart.o
    0x080038c4   0x080038c4   0x0000009a   Code   RO          731    .text.HAL_UART_Init  stm32f4xx_hal_uart.o
    0x0800395e   0x0800395e   0x00000002   PAD
    0x08003960   0x08003960   0x000000da   Code   RO          113    .text.HAL_UART_MspInit  usart.o
    0x08003a3a   0x08003a3a   0x00000002   PAD
    0x08003a3c   0x08003a3c   0x00000164   Code   RO          751    .text.HAL_UART_Receive  stm32f4xx_hal_uart.o
    0x08003ba0   0x08003ba0   0x00000078   Code   RO          755    .text.HAL_UART_Receive_IT  stm32f4xx_hal_uart.o
    0x08003c18   0x08003c18   0x000000f0   Code   RO          115    .text.HAL_UART_RxCpltCallback  usart.o
    0x08003d08   0x08003d08   0x0000014e   Code   RO          747    .text.HAL_UART_Transmit  stm32f4xx_hal_uart.o
    0x08003e56   0x08003e56   0x00000002   PAD
    0x08003e58   0x08003e58   0x00000008   Code   RO          827    .text.HAL_UART_TxCpltCallback  stm32f4xx_hal_uart.o
    0x08003e60   0x08003e60   0x00000004   Code   RO           25    .text.HardFault_Handler  stm32f4xx_it.o
    0x08003e64   0x08003e64   0x00000004   Code   RO           27    .text.MemManage_Handler  stm32f4xx_it.o
    0x08003e68   0x08003e68   0x000000a8   Code   RO          290    .text.Modbus_Process  modbus.o
    0x08003f10   0x08003f10   0x00000002   Code   RO           23    .text.NMI_Handler   stm32f4xx_it.o
    0x08003f12   0x08003f12   0x00000002   PAD
    0x08003f14   0x08003f14   0x0000006c   Code   RO          400    .text.NVIC_EncodePriority  stm32f4xx_hal_cortex.o
    0x08003f80   0x08003f80   0x00000120   Code   RO          269    .text.PID_Compute   pid.o
    0x080040a0   0x080040a0   0x00000048   Code   RO          267    .text.PID_Init      pid.o
    0x080040e8   0x080040e8   0x00000002   Code   RO           37    .text.PendSV_Handler  stm32f4xx_it.o
    0x080040ea   0x080040ea   0x00000002   PAD
    0x080040ec   0x080040ec   0x00000002   Code   RO           33    .text.SVC_Handler   stm32f4xx_it.o
    0x080040ee   0x080040ee   0x00000002   PAD
    0x080040f0   0x080040f0   0x00000052   Code   RO          416    .text.SysTick_Config  stm32f4xx_hal_cortex.o
    0x08004142   0x08004142   0x00000002   PAD
    0x08004144   0x08004144   0x00000008   Code   RO           39    .text.SysTick_Handler  stm32f4xx_it.o
    0x0800414c   0x0800414c   0x00000012   Code   RO           48    .text.SystemInit    system_stm32f4xx.o
    0x0800415e   0x0800415e   0x00000002   PAD
    0x08004160   0x08004160   0x00000020   Code   RO          817    .text.UART_DMAAbortOnError  stm32f4xx_hal_uart.o
    0x08004180   0x08004180   0x00000046   Code   RO          779    .text.UART_EndRxTransfer  stm32f4xx_hal_uart.o
    0x080041c6   0x080041c6   0x00000002   PAD
    0x080041c8   0x080041c8   0x00000026   Code   RO          825    .text.UART_EndTransmit_IT  stm32f4xx_hal_uart.o
    0x080041ee   0x080041ee   0x00000002   PAD
    0x080041f0   0x080041f0   0x0000011a   Code   RO          815    .text.UART_Receive_IT  stm32f4xx_hal_uart.o
    0x0800430a   0x0800430a   0x00000002   PAD
    0x0800430c   0x0800430c   0x0000013a   Code   RO          735    .text.UART_SetConfig  stm32f4xx_hal_uart.o
    0x08004446   0x08004446   0x00000002   PAD
    0x08004448   0x08004448   0x00000064   Code   RO          757    .text.UART_Start_Receive_IT  stm32f4xx_hal_uart.o
    0x080044ac   0x080044ac   0x00000094   Code   RO          823    .text.UART_Transmit_IT  stm32f4xx_hal_uart.o
    0x08004540   0x08004540   0x0000009c   Code   RO          749    .text.UART_WaitOnFlagUntilTimeout  stm32f4xx_hal_uart.o
    0x080045dc   0x080045dc   0x00000010   Code   RO          117    .text.USART1_IRQHandler  usart.o
    0x080045ec   0x080045ec   0x0000006a   Code   RO          308    .text.USART2_IRQHandler  rs485.o
    0x08004656   0x08004656   0x00000002   PAD
    0x08004658   0x08004658   0x00000004   Code   RO           31    .text.UsageFault_Handler  stm32f4xx_it.o
    0x0800465c   0x0800465c   0x00000030   Code   RO          404    .text.__NVIC_EnableIRQ  stm32f4xx_hal_cortex.o
    0x0800468c   0x0800468c   0x00000010   Code   RO          396    .text.__NVIC_GetPriorityGrouping  stm32f4xx_hal_cortex.o
    0x0800469c   0x0800469c   0x00000042   Code   RO          398    .text.__NVIC_SetPriority  stm32f4xx_hal_cortex.o
    0x080046de   0x080046de   0x00000002   PAD
    0x080046e0   0x080046e0   0x0000003c   Code   RO          392    .text.__NVIC_SetPriorityGrouping  stm32f4xx_hal_cortex.o
    0x0800471c   0x0800471c   0x00000008   Code   RO          105    .text._sys_exit     usart.o
    0x08004724   0x08004724   0x00000024   Code   RO          233    .text.adc_channel_set  adc.o
    0x08004748   0x08004748   0x0000005a   Code   RO          241    .text.adc_dma_enable  adc.o
    0x080047a2   0x080047a2   0x00000002   PAD
    0x080047a4   0x080047a4   0x000000ca   Code   RO          239    .text.adc_dma_init  adc.o
    0x0800486e   0x0800486e   0x00000002   PAD
    0x08004870   0x08004870   0x00000042   Code   RO          229    .text.adc_init      adc.o
    0x080048b2   0x080048b2   0x00000002   PAD
    0x080048b4   0x080048b4   0x000000e6   Code   RO          255    .text.dac_init      dac.o
    0x0800499a   0x0800499a   0x00000002   PAD
    0x0800499c   0x0800499c   0x00000018   Code   RO           62    .text.delay_init    delay.o
    0x080049b4   0x080049b4   0x0000001a   Code   RO           66    .text.delay_ms      delay.o
    0x080049ce   0x080049ce   0x00000002   PAD
    0x080049d0   0x080049d0   0x0000008a   Code   RO           64    .text.delay_us      delay.o
    0x08004a5a   0x08004a5a   0x00000002   PAD
    0x08004a5c   0x08004a5c   0x00000012   Code   RO          300    .text.float_to_ieee754  ieee754.o
    0x08004a6e   0x08004a6e   0x00000002   PAD
    0x08004a70   0x08004a70   0x00000030   Code   RO          109    .text.fputc         usart.o
    0x08004aa0   0x08004aa0   0x00000234   Code   RO           11    .text.main          main.o
    0x08004cd4   0x08004cd4   0x0000015a   Code   RO          310    .text.rs485_init    rs485.o
    0x08004e2e   0x08004e2e   0x00000002   PAD
    0x08004e30   0x08004e30   0x0000005c   Code   RO          312    .text.rs485_send_data  rs485.o
    0x08004e8c   0x08004e8c   0x0000010e   Code   RO           94    .text.sys_stm32_clock_init  sys.o
    0x08004f9a   0x08004f9a   0x00000002   PAD
    0x08004f9c   0x08004f9c   0x00000044   Code   RO          111    .text.usart_init    usart.o
    0x08004fe0   0x08004fe0   0x0000003e   Code   RO         1691    CL$$btod_d2e        c_w.l(btod.o)
    0x0800501e   0x0800501e   0x00000046   Code   RO         1693    CL$$btod_d2e_denorm_low  c_w.l(btod.o)
    0x08005064   0x08005064   0x00000060   Code   RO         1692    CL$$btod_d2e_norm_op1  c_w.l(btod.o)
    0x080050c4   0x080050c4   0x00000338   Code   RO         1701    CL$$btod_div_common  c_w.l(btod.o)
    0x080053fc   0x080053fc   0x000000dc   Code   RO         1698    CL$$btod_e2e        c_w.l(btod.o)
    0x080054d8   0x080054d8   0x0000002a   Code   RO         1695    CL$$btod_ediv       c_w.l(btod.o)
    0x08005502   0x08005502   0x0000002a   Code   RO         1694    CL$$btod_emul       c_w.l(btod.o)
    0x0800552c   0x0800552c   0x00000244   Code   RO         1700    CL$$btod_mult_common  c_w.l(btod.o)
    0x08005770   0x08005770   0x00000030   Code   RO         1732    i.__ARM_fpclassify  m_wm.l(fpclassify.o)
    0x080057a0   0x080057a0   0x0000000e   Code   RO         1576    i._is_digit         c_w.l(__printf_wp.o)
    0x080057ae   0x080057ae   0x00000002   PAD
    0x080057b0   0x080057b0   0x0000002c   Code   RO         1716    locale$$code        c_w.l(lc_numeric_c.o)
    0x080057dc   0x080057dc   0x0000002c   Code   RO         1744    locale$$code        c_w.l(lc_ctype_c.o)
    0x08005808   0x08005808   0x00000062   Code   RO         1487    x$fpl$d2f           fz_wm.l(d2f.o)
    0x0800586a   0x0800586a   0x0000002e   Code   RO         1504    x$fpl$dflt          fz_wm.l(dflt_clz.o)
    0x08005898   0x08005898   0x00000154   Code   RO         1509    x$fpl$dmul          fz_wm.l(dmul.o)
    0x080059ec   0x080059ec   0x0000009c   Code   RO         1615    x$fpl$dnaninf       fz_wm.l(dnaninf.o)
    0x08005a88   0x08005a88   0x0000000c   Code   RO         1617    x$fpl$dretinf       fz_wm.l(dretinf.o)
    0x08005a94   0x08005a94   0x00000056   Code   RO         1511    x$fpl$f2d           fz_wm.l(f2d.o)
    0x08005aea   0x08005aea   0x0000008c   Code   RO         1619    x$fpl$fnaninf       fz_wm.l(fnaninf.o)
    0x08005b76   0x08005b76   0x0000001a   Code   RO         1814    x$fpl$fpinit        fz_wm.l(fpinit.o)
    0x08005b90   0x08005b90   0x0000000a   Code   RO         1621    x$fpl$fretinf       fz_wm.l(fretinf.o)
    0x08005b9a   0x08005b9a   0x00000004   Code   RO         1623    x$fpl$printf1       fz_wm.l(printf1.o)
    0x08005b9e   0x08005b9e   0x00000004   Code   RO         1625    x$fpl$printf2       fz_wm.l(printf2.o)
    0x08005ba2   0x08005ba2   0x00000000   Code   RO         1631    x$fpl$usenofp       fz_wm.l(usenofp.o)
    0x08005ba2   0x08005ba2   0x00000002   PAD
    0x08005ba4   0x08005ba4   0x00000008   Data   RO         1535    .constdata          c_w.l(_printf_wctomb.o)
    0x08005bac   0x08005bac   0x00000028   Data   RO         1564    .constdata          c_w.l(_printf_hex_int_ll_ptr.o)
    0x08005bd4   0x08005bd4   0x00000011   Data   RO         1584    .constdata          c_w.l(__printf_flags_ss_wp.o)
    0x08005be5   0x08005be5   0x00000026   Data   RO         1658    .constdata          c_w.l(_printf_fp_hex.o)
    0x08005c0b   0x08005c0b   0x00000001   PAD
    0x08005c0c   0x08005c0c   0x00000094   Data   RO         1689    .constdata          c_w.l(bigflt0.o)
    0x08005ca0   0x08005ca0   0x00000010   Data   RO           53    .rodata.AHBPrescTable  system_stm32f4xx.o
    0x08005cb0   0x08005cb0   0x00000008   Data   RO           54    .rodata.APBPrescTable  system_stm32f4xx.o
    0x08005cb8   0x08005cb8   0x00000008   Data   RO          491    .rodata.DMA_CalcBaseAndBitshift.flagBitshiftOffset  stm32f4xx_hal_dma.o
    0x08005cc0   0x08005cc0   0x00000007   Data   RO           15    .rodata.str1.1      main.o
    0x08005cc7   0x08005cc7   0x00000001   PAD
    0x08005cc8   0x08005cc8   0x00000020   Data   RO         1864    Region$$Table       anon$$obj.o
    0x08005ce8   0x08005ce8   0x0000001c   Data   RO         1715    locale$$data        c_w.l(lc_numeric_c.o)
    0x08005d04   0x08005d04   0x00000110   Data   RO         1743    locale$$data        c_w.l(lc_ctype_c.o)


    Execution Region RW_IRAM1 (Exec base: 0x20000000, Load base: 0x08005e18, Size: 0x00000790, Max: 0x00020000, ABSOLUTE)

    Exec Addr    Load Addr    Size         Type   Attr      Idx    E Section Name        Object

    0x20000000   0x08005e18   0x00000004   Data   RW           16    .ARM.use_no_argv    main.o
    0x20000004   0x08005e1c   0x00000004   Data   RW           52    .data.SystemCoreClock  system_stm32f4xx.o
    0x20000008   0x08005e20   0x00000001   Data   RW          381    .data.uwTickFreq    stm32f4xx_hal.o
    0x20000009   0x08005e21   0x00000003   PAD
    0x2000000c   0x08005e24   0x00000004   Data   RW          380    .data.uwTickPrio    stm32f4xx_hal.o
    0x20000010        -       0x00000060   Zero   RW         1735    .bss                c_w.l(libspace.o)
    0x20000070        -       0x00000054   Zero   RW          123    .bss.__stdout       usart.o
    0x200000c4        -       0x00000004   Zero   RW           14    .bss.bytes          main.o
    0x200000c8        -       0x00000040   Zero   RW          318    .bss.g_RS485_rx_buf  rs485.o
    0x20000108        -       0x00000001   Zero   RW          316    .bss.g_RS485_rx_cnt  rs485.o
    0x20000109   0x08005e28   0x00000001   PAD
    0x2000010a        -       0x00000064   Zero   RW           13    .bss.g_adc_dma_buf  main.o
    0x2000016e        -       0x00000001   Zero   RW          245    .bss.g_adc_dma_sta  adc.o
    0x2000016f   0x08005e28   0x00000001   PAD
    0x20000170        -       0x00000048   Zero   RW          246    .bss.g_adc_handle   adc.o
    0x200001b8        -       0x00000014   Zero   RW          259    .bss.g_dac1_handle  dac.o
    0x200001cc        -       0x00000060   Zero   RW          247    .bss.g_dma_adc_handle  adc.o
    0x2000022c        -       0x00000004   Zero   RW           70    .bss.g_fac_us       delay.o
    0x20000230        -       0x00000044   Zero   RW          317    .bss.g_rs458_handler  rs485.o
    0x20000274        -       0x00000001   Zero   RW          121    .bss.g_rx_buffer    usart.o
    0x20000275   0x08005e28   0x00000003   PAD
    0x20000278        -       0x00000044   Zero   RW          120    .bss.g_uart1_handle  usart.o
    0x200002bc        -       0x000000c8   Zero   RW          122    .bss.g_usart_rx_buf  usart.o
    0x20000384        -       0x00000002   Zero   RW          119    .bss.g_usart_rx_sta  usart.o
    0x20000386   0x08005e28   0x00000002   PAD
    0x20000388        -       0x00000004   Zero   RW          382    .bss.uwTick         stm32f4xx_hal.o
    0x2000038c   0x08005e28   0x00000004   PAD
    0x20000390        -       0x00000000   Zero   RW            2    HEAP                startup_stm32f407xx.o
    0x20000390        -       0x00000400   Zero   RW            1    STACK               startup_stm32f407xx.o


==============================================================================

Image component sizes


      Code (inc. data)   RO Data    RW Data    ZI Data      Debug   Object Name

       578          0          0          0        169       7781   adc.o
       150          0          0          0          0        864   crc16.o
       230          0          0          0         20       4439   dac.o
       206          0          0          0          4       1491   delay.o
        18          0          0          0          0        637   ieee754.o
       564         28          7          4        104       4369   main.o
       168          0          0          0          0       4003   modbus.o
       360          0          0          0          0       1332   pid.o
       544          0          0          0        133       7201   rs485.o
        76         28        392          0       1024       1024   startup_stm32f407xx.o
       212          0          0          5          4       7152   stm32f4xx_hal.o
      1940          0          0          0          0       9993   stm32f4xx_hal_adc.o
       482          0          0          0          0       9472   stm32f4xx_hal_cortex.o
       482          0          0          0          0       6667   stm32f4xx_hal_dac.o
      1410          8          8          0          0       8465   stm32f4xx_hal_dma.o
       996          0          0          0          0       5140   stm32f4xx_hal_gpio.o
      2646          0          0          0          0       7616   stm32f4xx_hal_rcc.o
      2972          0          0          0          0      18007   stm32f4xx_hal_uart.o
        32          0          0          0          0       1052   stm32f4xx_it.o
       270          0          0          0          0       4451   sys.o
        18          0         24          4          0       2650   system_stm32f4xx.o
       598          0          0          0        355       7694   usart.o

    ----------------------------------------------------------------------
     15056         64        464         16       1824     121500   Object Totals
         0          0         32          0          0          0   (incl. Generated)
       104          0          1          3         11          0   (incl. Padding)

    ----------------------------------------------------------------------

      Code (inc. data)   RO Data    RW Data    ZI Data      Debug   Library Member Name

         8          0          0          0          0         68   __main.o
       392          4         17          0          0         92   __printf_flags_ss_wp.o
        14          0          0          0          0         68   __printf_wp.o
         0          0          0          0          0          0   __rtentry.o
        12          0          0          0          0          0   __rtentry2.o
         6          0          0          0          0          0   __rtentry4.o
        52          8          0          0          0          0   __scatter.o
        26          0          0          0          0          0   __scatter_copy.o
        28          0          0          0          0          0   __scatter_zi.o
        72          0          0          0          0         96   _c16rtomb.o
         6          0          0          0          0          0   _printf_a.o
         6          0          0          0          0          0   _printf_c.o
        44          0          0          0          0        108   _printf_char.o
        48          6          0          0          0         96   _printf_char_common.o
        36          4          0          0          0         80   _printf_char_file.o
        40          0          0          0          0         68   _printf_charcount.o
         6          0          0          0          0          0   _printf_d.o
       120         16          0          0          0         92   _printf_dec.o
         6          0          0          0          0          0   _printf_e.o
         6          0          0          0          0          0   _printf_f.o
      1052          0          0          0          0        148   _printf_fp_dec.o
       764          8         38          0          0        100   _printf_fp_hex.o
       128         16          0          0          0         84   _printf_fp_infnan.o
         6          0          0          0          0          0   _printf_g.o
       148          4         40          0          0        160   _printf_hex_int_ll_ptr.o
         6          0          0          0          0          0   _printf_i.o
       178          0          0          0          0         88   _printf_intcommon.o
        10          0          0          0          0          0   _printf_l.o
         6          0          0          0          0          0   _printf_lc.o
        10          0          0          0          0          0   _printf_ll.o
         6          0          0          0          0          0   _printf_lld.o
         6          0          0          0          0          0   _printf_lli.o
         6          0          0          0          0          0   _printf_llo.o
         6          0          0          0          0          0   _printf_llu.o
         6          0          0          0          0          0   _printf_llx.o
       124         16          0          0          0         92   _printf_longlong_dec.o
         6          0          0          0          0          0   _printf_ls.o
         6          0          0          0          0          0   _printf_n.o
         6          0          0          0          0          0   _printf_o.o
       112          8          0          0          0        124   _printf_oct_int_ll.o
         6          0          0          0          0          0   _printf_p.o
        78          0          0          0          0        108   _printf_pad.o
         0          0          0          0          0          0   _printf_percent.o
         4          0          0          0          0          0   _printf_percent_end.o
         6          0          0          0          0          0   _printf_s.o
        82          0          0          0          0         80   _printf_str.o
        36          0          0          0          0         84   _printf_truncate.o
         6          0          0          0          0          0   _printf_u.o
        44          0          0          0          0        108   _printf_wchar.o
       188          6          8          0          0         92   _printf_wctomb.o
         6          0          0          0          0          0   _printf_x.o
       228          4        148          0          0         96   bigflt0.o
      1936        128          0          0          0        668   btod.o
        18          0          0          0          0         80   exit.o
         8          0          0          0          0         68   ferror.o
         6          0          0          0          0        152   heapauxi.o
        44         10        272          0          0         76   lc_ctype_c.o
        44         10         28          0          0         76   lc_numeric_c.o
         2          0          0          0          0          0   libinit.o
        34          0          0          0          0          0   libinit2.o
         2          0          0          0          0          0   libshutdown.o
         2          0          0          0          0          0   libshutdown2.o
         8          4          0          0         96         68   libspace.o
       138          0          0          0          0         80   lludiv10.o
       240          0          0          0          0        100   lludivv7m.o
        24          4          0          0          0         84   printf.o
        16          4          0          0          0         76   rt_ctype_table.o
         8          4          0          0          0         68   rt_locale_intlibspace.o
        78          0          0          0          0         80   rt_memclr_w.o
         2          0          0          0          0          0   rtexit.o
        10          0          0          0          0          0   rtexit2.o
       124          0          0          0          0         88   strcmpv7em.o
        74          0          0          0          0         80   sys_stackheap_outer.o
         2          0          0          0          0         68   use_no_semi.o
         2          0          0          0          0         68   use_no_semi_2.o
        98          4          0          0          0        140   d2f.o
        46          0          0          0          0        116   dflt_clz.o
       340         12          0          0          0        152   dmul.o
       156          4          0          0          0        140   dnaninf.o
        12          0          0          0          0        116   dretinf.o
        86          4          0          0          0        132   f2d.o
       140          4          0          0          0        132   fnaninf.o
        26          0          0          0          0        116   fpinit.o
        10          0          0          0          0        116   fretinf.o
         4          0          0          0          0        116   printf1.o
         4          0          0          0          0        116   printf2.o
         0          0          0          0          0          0   usenofp.o
        48          0          0          0          0        124   fpclassify.o

    ----------------------------------------------------------------------
      8012        292        552          0         96       5628   Library Totals
        16          0          1          0          0          0   (incl. Padding)

    ----------------------------------------------------------------------

      Code (inc. data)   RO Data    RW Data    ZI Data      Debug   Library Name

      7026        264        551          0         96       4112   c_w.l
       922         28          0          0          0       1392   fz_wm.l
        48          0          0          0          0        124   m_wm.l

    ----------------------------------------------------------------------
      8012        292        552          0         96       5628   Library Totals

    ----------------------------------------------------------------------

==============================================================================


      Code (inc. data)   RO Data    RW Data    ZI Data      Debug   

     23068        356       1016         16       1920     123544   Grand Totals
     23068        356       1016         16       1920     123544   ELF Image Totals
     23068        356       1016         16          0          0   ROM Totals

==============================================================================

    Total RO  Size (Code + RO Data)                24084 (  23.52kB)
    Total RW  Size (RW Data + ZI Data)              1936 (   1.89kB)
    Total ROM Size (Code + RO Data + RW Data)      24100 (  23.54kB)

==============================================================================

